 FROSTYV2

 Timestamp is 5a1c2630 (Mon Nov 27 15:50:24 2017)

 Preferred load address is 10000000

 Start         Length     Name                   Class
 0001:00000000 000138a0H .text$di                CODE
 0001:000138a0 0007c6f0H .text$mn                CODE
 0001:0008ff90 00002270H .text$x                 CODE
 0001:00092200 000004acH .text$yd                CODE
 0002:00000000 000001c0H .idata$5                DATA
 0002:000001c0 00000004H .00cfg                  DATA
 0002:000001c4 00000004H .CRT$XCA                DATA
 0002:000001c8 0000000cH .CRT$XCC                DATA
 0002:000001d4 00000008H .CRT$XCL                DATA
 0002:000001dc 000000c0H .CRT$XCU                DATA
 0002:0000029c 00000004H .CRT$XCZ                DATA
 0002:000002a0 00000004H .CRT$XIA                DATA
 0002:000002a4 00000018H .CRT$XIC                DATA
 0002:000002bc 00000004H .CRT$XIZ                DATA
 0002:000002c0 00000004H .CRT$XLA                DATA
 0002:000002c4 00000004H .CRT$XLZ                DATA
 0002:000002c8 00000004H .CRT$XPA                DATA
 0002:000002cc 00000008H .CRT$XPX                DATA
 0002:000002d4 00000004H .CRT$XPXA               DATA
 0002:000002d8 00000004H .CRT$XPZ                DATA
 0002:000002dc 00000004H .CRT$XTA                DATA
 0002:000002e0 00000010H .CRT$XTZ                DATA
 0002:000002e4 00000000H .gfids$y                DATA
 0002:000002f0 0001ad20H .rdata                  DATA
 0002:0001b010 00000018H .rdata$T                DATA
 0002:0001b028 00000d08H .rdata$r                DATA
 0002:0001bd30 000001d4H .rdata$sxdata           DATA
 0002:0001bf04 000003e4H .rdata$zzzdbg           DATA
 0002:0001c2e8 00000004H .rtc$IAA                DATA
 0002:0001c2ec 00000004H .rtc$IZZ                DATA
 0002:0001c2f0 00000004H .rtc$TAA                DATA
 0002:0001c2f4 00000004H .rtc$TZZ                DATA
 0002:0001c2f8 00000004H .tls                    DATA
 0002:0001c2fc 00000004H .tls$                   DATA
 0002:0001c300 00000008H .tls$ZZZ                DATA
 0002:0001c308 00002ba4H .xdata$x                DATA
 0002:0001eeac 00000000H .edata                  DATA
 0002:0001eeac 00000064H .idata$2                DATA
 0002:0001ef10 00000014H .idata$3                DATA
 0002:0001ef24 000001c0H .idata$4                DATA
 0002:0001f0e4 000007e8H .idata$6                DATA
 0003:00000000 0008e030H .data                   DATA
 0003:0008e030 00000688H .data$r                 DATA
 0003:0008e6b8 0043ac38H .bss                    DATA
 0004:00000000 000007e0H _RDATA                  DATA
 0005:00000000 00000060H .rsrc$01                DATA
 0005:00000060 00000180H .rsrc$02                DATA

  Address         Publics by Value              Rva+Base       Lib:Object

 0000:00000000       ___guard_iat_count         00000000     <absolute>
 0000:00000000       ___enclave_config          00000000     <absolute>
 0000:00000000       ___hybrid_auxiliary_iat    00000000     <absolute>
 0000:00000000       ___guard_longjmp_count     00000000     <absolute>
 0000:00000000       ___guard_longjmp_table     00000000     <absolute>
 0000:00000000       __except_list              00000000     <absolute>
 0000:00000000       ___guard_fids_table        00000000     <absolute>
 0000:00000000       ___guard_fids_count        00000000     <absolute>
 0000:00000000       ___guard_iat_table         00000000     <absolute>
 0000:00000000       ___hybrid_code_map_count   00000000     <absolute>
 0000:00000000       ___hybrid_code_map         00000000     <absolute>
 0000:00000000       ___dynamic_value_reloc_table 00000000     <absolute>
 0000:0000002c       __tls_array                0000002c     <absolute>
 0000:00000075       ___safe_se_handler_count   00000075     <absolute>
 0000:00000100       ___guard_flags             00000100     <absolute>
 0000:00000000       ___ImageBase               10000000     <linker-defined>
 0001:000138a0       ?MyColorEdit3@ImGui@@YA_NPBDQAMH@Z 100148a0 f   imguicolorpicker.obj
 0001:00013930       ?MyColorEdit4@ImGui@@YA_NPBDQAMH@Z 10014930 f   imguicolorpicker.obj
 0001:00014130       ?MyColorPicker4@ImGui@@YA_NPBDQAMH@Z 10015130 f   imguicolorpicker.obj
 0001:00014a60       ___local_stdio_scanf_options 10015a60 f i imguicolorpicker.obj
 0001:00014a70       _sscanf_s                  10015a70 f i imguicolorpicker.obj
 0001:00014aa0       ??$?0V?$_Vector_iterator@V?$_Vector_val@U?$_Simple_types@_S@std@@@std@@@std@@X@?$basic_string@DU?$char_traits@D@std@@V?$allocator@D@2@@std@@QAE@V?$_Vector_iterator@V?$_Vector_val@U?$_Simple_types@_S@std@@@std@@@1@0ABV?$allocator@D@1@@Z 10015aa0 f i Parser.obj
 0001:00014bf0       ??$_Construct@PA_S@?$basic_string@DU?$char_traits@D@std@@V?$allocator@D@2@@std@@QAEXPA_SQA_SUinput_iterator_tag@1@@Z 10015bf0 f i Parser.obj
 0001:00014d80       ??$_Destroy_range@V?$allocator@V?$shared_ptr@VNode@valve_parser@@@std@@@std@@@std@@YAXPAV?$shared_ptr@VNode@valve_parser@@@0@0AAV?$allocator@V?$shared_ptr@VNode@valve_parser@@@std@@@0@@Z 10015d80 f i Parser.obj
 0001:00014dd0       ??$_Uninitialized_move_al_unchecked@PAV?$shared_ptr@VNode@valve_parser@@@std@@PAV12@V?$allocator@V?$shared_ptr@VNode@valve_parser@@@std@@@2@@std@@YAPAV?$shared_ptr@VNode@valve_parser@@@0@PAV10@00AAV?$allocator@V?$shared_ptr@VNode@valve_parser@@@std@@@0@U_General_ptr_iterator_tag@0@U_Unused_parameter@0@@Z 10015dd0 f i Parser.obj
 0001:00014e10       ??$destroy@V?$shared_ptr@VNode@valve_parser@@@std@@@?$_Default_allocator_traits@V?$allocator@V?$shared_ptr@VNode@valve_parser@@@std@@@std@@@std@@SAXAAV?$allocator@V?$shared_ptr@VNode@valve_parser@@@std@@@1@QAV?$shared_ptr@VNode@valve_parser@@@1@@Z 10015e10 f i Parser.obj
 0001:00014e50       ??$emplace_back@ABV?$shared_ptr@VNode@valve_parser@@@std@@@?$vector@V?$shared_ptr@VNode@valve_parser@@@std@@V?$allocator@V?$shared_ptr@VNode@valve_parser@@@std@@@2@@std@@QAEXABV?$shared_ptr@VNode@valve_parser@@@1@@Z 10015e50 f i Parser.obj
 0001:00014fd0       ??$emplace_back@AB_S@?$vector@_SV?$allocator@_S@std@@@std@@QAEXAB_S@Z 10015fd0 f i Parser.obj
 0001:00015080       ??0?$shared_ptr@VNode@valve_parser@@@std@@QAE@ABV01@@Z 10016080 f i Parser.obj
 0001:000150f0       ??1?$shared_ptr@VNode@valve_parser@@@std@@QAE@XZ 100160f0 f i Parser.obj
 0001:000150f0       ??1?$shared_ptr@VKeyValue@valve_parser@@@std@@QAE@XZ 100160f0 f i Parser.obj
 0001:000150f0       ??1?$shared_ptr@VObject@valve_parser@@@std@@QAE@XZ 100160f0 f i Parser.obj
 0001:00015120       ??1?$vector@V?$shared_ptr@VNode@valve_parser@@@std@@V?$allocator@V?$shared_ptr@VNode@valve_parser@@@std@@@2@@std@@QAE@XZ 10016120 f i Parser.obj
 0001:00015190       ??1?$vector@_SV?$allocator@_S@std@@@std@@QAE@XZ 10016190 f i Parser.obj
 0001:000151f0       ??_G?$_Ref_count_obj@VKeyValue@valve_parser@@@std@@UAEPAXI@Z 100161f0 f i Parser.obj
 0001:000151f0       ??_E?$_Ref_count_obj@VKeyValue@valve_parser@@@std@@UAEPAXI@Z 100161f0 f i Parser.obj
 0001:00015220       ??_E?$_Ref_count_obj@VObject@valve_parser@@@std@@UAEPAXI@Z 10016220 f i Parser.obj
 0001:00015220       ??_G?$_Ref_count_obj@VObject@valve_parser@@@std@@UAEPAXI@Z 10016220 f i Parser.obj
 0001:00015250       ??_E_Ref_count_base@std@@UAEPAXI@Z 10016250 f i Parser.obj
 0001:00015250       ??_G_Ref_count_base@std@@UAEPAXI@Z 10016250 f i Parser.obj
 0001:00015280       ?EndReached@Str@valve_parser@@SAPA_UPA_U_U@Z 10016280 f i Parser.obj
 0001:00015300       ?GetKeyByName@Object@valve_parser@@QAE?AV?$shared_ptr@VNode@valve_parser@@@std@@PAD@Z 10016300 f   Parser.obj
 0001:00015540       ?Parse@Node@valve_parser@@UAE_NXZ 10016540 f   Parser.obj
 0001:00015670       ?Parse@Object@valve_parser@@UAE_NXZ 10016670 f   Parser.obj
 0001:00015800       ?ParseTextEndTag@Str@valve_parser@@SAPA_UPA_U_U@Z 10016800 f i Parser.obj
 0001:00015830       ?ParseTextExpectedTag@Str@valve_parser@@SAPA_UPA_U_U_N@Z 10016830 f i Parser.obj
 0001:000158b0       ?_Become_small@?$basic_string@DU?$char_traits@D@std@@V?$allocator@D@2@@std@@QAEXXZ 100168b0 f i Parser.obj
 0001:00015910       ?_Change_array@?$vector@_SV?$allocator@_S@std@@@std@@AAEXQA_SII@Z 10016910 f i Parser.obj
 0001:00015980       ?_Delete_this@?$_Ref_count_obj@VObject@valve_parser@@@std@@EAEXXZ 10016980 f i Parser.obj
 0001:00015980       ?_Delete_this@?$_Ref_count_obj@VKeyValue@valve_parser@@@std@@EAEXXZ 10016980 f i Parser.obj
 0001:00015980       ?_Delete_this@?$_Ref_count_obj@VNode@valve_parser@@@std@@EAEXXZ 10016980 f i Hooks.obj
 0001:00015990       ?_Destroy@?$_Ref_count_obj@VObject@valve_parser@@@std@@EAEXXZ 10016990 f i Parser.obj
 0001:00015990       ?_Destroy@?$_Ref_count_obj@VKeyValue@valve_parser@@@std@@EAEXXZ 10016990 f i Parser.obj
 0001:00015990       ?_Destroy@?$_Ref_count_obj@VNode@valve_parser@@@std@@EAEXXZ 10016990 f i Hooks.obj
 0001:000159a0       ?_Get_deleter@_Ref_count_base@std@@UBEPAXABVtype_info@@@Z 100169a0 f i Parser.obj
 0001:000159b0       ?_Reallocate_exactly@?$vector@_SV?$allocator@_S@std@@@std@@AAEXI@Z 100169b0 f i Parser.obj
 0001:00015a00       ?_Xlen@?$basic_string@DU?$char_traits@D@std@@V?$allocator@D@2@@std@@SAXXZ 10016a00 f i Parser.obj
 0001:00015a10       ?allocate@?$allocator@D@std@@QAEPADI@Z 10016a10 f i Parser.obj
 0001:00015a70       ?allocate@?$allocator@V?$shared_ptr@VNode@valve_parser@@@std@@@std@@QAEPAV?$shared_ptr@VNode@valve_parser@@@2@I@Z 10016a70 f i Parser.obj
 0001:00015ae0       ?allocate@?$allocator@_S@std@@QAEPA_SI@Z 10016ae0 f i Parser.obj
 0001:00015b50       ?assign@?$basic_string@DU?$char_traits@D@std@@V?$allocator@D@2@@std@@QAEAAV12@QBDI@Z 10016b50 f i Parser.obj
 0001:00015c40       ?deallocate@?$allocator@V?$shared_ptr@VNode@valve_parser@@@std@@@std@@QAEXQAV?$shared_ptr@VNode@valve_parser@@@2@I@Z 10016c40 f i Parser.obj
 0001:00015c90       ?identify@Document@valve_parser@@AAE_NAAV?$shared_ptr@VNode@valve_parser@@@std@@@Z 10016c90 f i Parser.obj
 0001:00015ee0       ?toString@Str@valve_parser@@QAE?AV?$basic_string@DU?$char_traits@D@std@@V?$allocator@D@2@@std@@XZ 10016ee0 f i Parser.obj
 0001:00016070       ??$?8DU?$char_traits@D@std@@V?$allocator@D@1@@std@@YA_NABV?$basic_string@DU?$char_traits@D@std@@V?$allocator@D@2@@0@QBD@Z 10017070 f i recvproxy.obj
 0001:000160c0       ??$_Buynode@ABU?$pair@$$CBW4ItemDefinitionIndexx@@UDefItem_t@@@std@@@?$_Tree_comp_alloc@V?$_Tmap_traits@W4ItemDefinitionIndexx@@UDefItem_t@@U?$less@W4ItemDefinitionIndexx@@@std@@V?$allocator@U?$pair@$$CBW4ItemDefinitionIndexx@@UDefItem_t@@@std@@@4@$0A@@std@@@std@@QAEPAU?$_Tree_node@U?$pair@$$CBW4ItemDefinitionIndexx@@UDefItem_t@@@std@@PAX@1@ABU?$pair@$$CBW4ItemDefinitionIndexx@@UDefItem_t@@@1@@Z 100170c0 f i recvproxy.obj
 0001:000160f0       ??$_Insert_at@AAU?$pair@$$CBW4ItemDefinitionIndexx@@UDefItem_t@@@std@@PAU?$_Tree_node@U?$pair@$$CBW4ItemDefinitionIndexx@@UDefItem_t@@@std@@PAX@2@@?$_Tree@V?$_Tmap_traits@W4ItemDefinitionIndexx@@UDefItem_t@@U?$less@W4ItemDefinitionIndexx@@@std@@V?$allocator@U?$pair@$$CBW4ItemDefinitionIndexx@@UDefItem_t@@@std@@@4@$0A@@std@@@std@@IAE?AV?$_Tree_iterator@V?$_Tree_val@U?$_Tree_simple_types@U?$pair@$$CBW4ItemDefinitionIndexx@@UDefItem_t@@@std@@@std@@@std@@@1@_NPAU?$_Tree_node@U?$pair@$$CBW4ItemDefinitionIndexx@@UDefItem_t@@@std@@PAX@1@AAU?$pair@$$CBW4ItemDefinitionIndexx@@UDefItem_t@@@1@1@Z 100170f0 f i recvproxy.obj
 0001:00016250       ??$_Insert_hint@AAU?$pair@$$CBW4ItemDefinitionIndexx@@UDefItem_t@@@std@@PAU?$_Tree_node@U?$pair@$$CBW4ItemDefinitionIndexx@@UDefItem_t@@@std@@PAX@2@@?$_Tree@V?$_Tmap_traits@W4ItemDefinitionIndexx@@UDefItem_t@@U?$less@W4ItemDefinitionIndexx@@@std@@V?$allocator@U?$pair@$$CBW4ItemDefinitionIndexx@@UDefItem_t@@@std@@@4@$0A@@std@@@std@@IAE?AV?$_Tree_iterator@V?$_Tree_val@U?$_Tree_simple_types@U?$pair@$$CBW4ItemDefinitionIndexx@@UDefItem_t@@@std@@@std@@@std@@@1@V?$_Tree_const_iterator@V?$_Tree_val@U?$_Tree_simple_types@U?$pair@$$CBW4ItemDefinitionIndexx@@UDefItem_t@@@std@@@std@@@std@@@1@AAU?$pair@$$CBW4ItemDefinitionIndexx@@UDefItem_t@@@1@PAU?$_Tree_node@U?$pair@$$CBW4ItemDefinitionIndexx@@UDefItem_t@@@std@@PAX@1@@Z 10017250 f i recvproxy.obj
 0001:00016480       ??$_Insert_nohint@AAU?$pair@$$CBW4ItemDefinitionIndexx@@UDefItem_t@@@std@@PAU?$_Tree_node@U?$pair@$$CBW4ItemDefinitionIndexx@@UDefItem_t@@@std@@PAX@2@@?$_Tree@V?$_Tmap_traits@W4ItemDefinitionIndexx@@UDefItem_t@@U?$less@W4ItemDefinitionIndexx@@@std@@V?$allocator@U?$pair@$$CBW4ItemDefinitionIndexx@@UDefItem_t@@@std@@@4@$0A@@std@@@std@@IAE?AU?$pair@V?$_Tree_iterator@V?$_Tree_val@U?$_Tree_simple_types@U?$pair@$$CBW4ItemDefinitionIndexx@@UDefItem_t@@@std@@@std@@@std@@@std@@_N@1@_NAAU?$pair@$$CBW4ItemDefinitionIndexx@@UDefItem_t@@@1@PAU?$_Tree_node@U?$pair@$$CBW4ItemDefinitionIndexx@@UDefItem_t@@@std@@PAX@1@@Z 10017480 f i recvproxy.obj
 0001:000165a0       ??1?$_Tree@V?$_Tmap_traits@W4ItemDefinitionIndexx@@UDefItem_t@@U?$less@W4ItemDefinitionIndexx@@@std@@V?$allocator@U?$pair@$$CBW4ItemDefinitionIndexx@@UDefItem_t@@@std@@@4@$0A@@std@@@std@@QAE@XZ 100175a0 f i recvproxy.obj
 0001:00016640       ??E?$_Tree_const_iterator@V?$_Tree_val@U?$_Tree_simple_types@U?$pair@$$CBW4ItemDefinitionIndexx@@UDefItem_t@@@std@@@std@@@std@@@std@@QAEAAV01@XZ 10017640 f i recvproxy.obj
 0001:00016640       ??E?$_Tree_unchecked_const_iterator@V?$_Tree_val@U?$_Tree_simple_types@U?$pair@$$CBW4ItemDefinitionIndexx@@UDefItem_t@@@std@@@std@@@std@@U_Iterator_base0@2@@std@@QAEAAV01@XZ 10017640 f i Hooks.obj
 0001:00016640       ??E?$_Tree_unchecked_const_iterator@V?$_Tree_val@U?$_Tree_simple_types@V?$basic_string@DU?$char_traits@D@std@@V?$allocator@D@2@@std@@@std@@@std@@U_Iterator_base0@2@@std@@QAEAAV01@XZ 10017640 f i Hooks.obj
 0001:00016690       ??F?$_Tree_const_iterator@V?$_Tree_val@U?$_Tree_simple_types@U?$pair@$$CBW4ItemDefinitionIndexx@@UDefItem_t@@@std@@@std@@@std@@@std@@QAEAAV01@XZ 10017690 f i recvproxy.obj
 0001:000166f0       ?Hooked_RecvProxy_Viewmodel@@YAXPAVCRecvProxyData@@PAX1@Z 100176f0 f   recvproxy.obj
 0001:00016930       ?NetvarHook@@YAXXZ         10017930 f   recvproxy.obj
 0001:00016b50       ?NoSmoke@@YAXPBVCRecvProxyData@@PAX1@Z 10017b50 f   recvproxy.obj
 0001:00016b70       ?SetViewModelSequence2@@YAXPBVCRecvProxyData@@PAX1@Z 10017b70 f   recvproxy.obj
 0001:00016ef0       ?UnloadProxy@@YAXXZ        10017ef0 f   recvproxy.obj
 0001:00017100       ?_Buyheadnode@?$_Tree_comp_alloc@V?$_Tmap_traits@W4ItemDefinitionIndexx@@UDefItem_t@@U?$less@W4ItemDefinitionIndexx@@@std@@V?$allocator@U?$pair@$$CBW4ItemDefinitionIndexx@@UDefItem_t@@@std@@@4@$0A@@std@@@std@@QAEPAU?$_Tree_node@U?$pair@$$CBW4ItemDefinitionIndexx@@UDefItem_t@@@std@@PAX@2@XZ 10018100 f i recvproxy.obj
 0001:00017130       ?_Buynode0@?$_Tree_comp_alloc@V?$_Tmap_traits@W4ItemDefinitionIndexx@@UDefItem_t@@U?$less@W4ItemDefinitionIndexx@@@std@@V?$allocator@U?$pair@$$CBW4ItemDefinitionIndexx@@UDefItem_t@@@std@@@4@$0A@@std@@@std@@QAEPAU?$_Tree_node@U?$pair@$$CBW4ItemDefinitionIndexx@@UDefItem_t@@@std@@PAX@2@XZ 10018130 f i recvproxy.obj
 0001:00017160       ?_Destroy_if_not_nil@?$_Tree@V?$_Tmap_traits@W4ItemDefinitionIndexx@@UDefItem_t@@U?$less@W4ItemDefinitionIndexx@@@std@@V?$allocator@U?$pair@$$CBW4ItemDefinitionIndexx@@UDefItem_t@@@std@@@4@$0A@@std@@@std@@IAEXPAU?$_Tree_node@U?$pair@$$CBW4ItemDefinitionIndexx@@UDefItem_t@@@std@@PAX@2@@Z 10018160 f i recvproxy.obj
 0001:00017180       ?_Erase@?$_Tree@V?$_Tmap_traits@W4ItemDefinitionIndexx@@UDefItem_t@@U?$less@W4ItemDefinitionIndexx@@@std@@V?$allocator@U?$pair@$$CBW4ItemDefinitionIndexx@@UDefItem_t@@@std@@@4@$0A@@std@@@std@@IAEXPAU?$_Tree_node@U?$pair@$$CBW4ItemDefinitionIndexx@@UDefItem_t@@@std@@PAX@2@@Z 10018180 f i recvproxy.obj
 0001:000171c0       ?_Rrotate@?$_Tree@V?$_Tmap_traits@W4ItemDefinitionIndexx@@UDefItem_t@@U?$less@W4ItemDefinitionIndexx@@@std@@V?$allocator@U?$pair@$$CBW4ItemDefinitionIndexx@@UDefItem_t@@@std@@@4@$0A@@std@@@std@@IAEXPAU?$_Tree_node@U?$pair@$$CBW4ItemDefinitionIndexx@@UDefItem_t@@@std@@PAX@2@@Z 100181c0 f i recvproxy.obj
 0001:000171c0       ?_Rrotate@?$_Tree@V?$_Tset_traits@V?$basic_string@DU?$char_traits@D@std@@V?$allocator@D@2@@std@@U?$less@V?$basic_string@DU?$char_traits@D@std@@V?$allocator@D@2@@std@@@2@V?$allocator@V?$basic_string@DU?$char_traits@D@std@@V?$allocator@D@2@@std@@@2@$0A@@std@@@std@@IAEXPAU?$_Tree_node@V?$basic_string@DU?$char_traits@D@std@@V?$allocator@D@2@@std@@PAX@2@@Z 100181c0 f i Hooks.obj
 0001:00017220       ?compare@?$char_traits@D@std@@SAHQBD0I@Z 10018220 f i recvproxy.obj
 0001:00017290       ?CanHit@@YA_NPAVC_BaseEntity@@ABVVector@@PAM@Z 10018290 f   Autowall.obj
 0001:000174d0       ?CanWallbang@@YA_NAAH@Z    100184d0 f   Autowall.obj
 0001:00017860       ?sync@?$basic_streambuf@DU?$char_traits@D@std@@@std@@MAEHXZ 10018860 f i Utilities.obj
 0001:00017860       ?ToObject@Node@valve_parser@@UAEPAVObject@2@XZ 10018860 f i Parser.obj
 0001:00017860       ?GetTraceType@CTraceFilterWorldAndPropsOnly@@UBE?AW4TraceType_t@@XZ 10018860 f i GrenadePrediction.obj
 0001:00017860       ?GetTraceType@CTraceFilter@@UBE?AW4TraceType_t@@XZ 10018860 f i Autowall.obj
 0001:00017860       ?ToKeyValue@Node@valve_parser@@UAEPAVKeyValue@2@XZ 10018860 f i Parser.obj
 0001:00017870       ?HandleBulletPenetration@@YA_NPAVCSWeaponInfo@@AAUFireBulletData@@@Z 10018870 f   Autowall.obj
 0001:00017b90       ?ShouldHitEntity@CTraceFilter@@UAE_NPAVC_BaseEntity@@H@Z 10018b90 f i Autowall.obj
 0001:00017ba0       ?SimulateFireBullet@@YA_NPAVC_BaseEntity@@0PAVCBaseCombatWeapon@@AAUFireBulletData@@@Z 10018ba0 f   Autowall.obj
 0001:00017f30       ?CreateMaterial@@YAPAVIMaterial@@_N00@Z 10018f30 f   Chams.obj
 0001:00018100       ?ForceMaterial@@YAXVColor@@PAVIMaterial@@_N2@Z 10019100 f   Chams.obj
 0001:000181d0       ___local_stdio_printf_options 100191d0 f i Chams.obj
 0001:000181e0       _sprintf_s                 100191e0 f i Chams.obj
 0001:00018210       ??$?HDU?$char_traits@D@std@@V?$allocator@D@1@@std@@YA?AV?$basic_string@DU?$char_traits@D@std@@V?$allocator@D@2@@0@$$QAV10@0@Z 10019210 f i Configuration.obj
 0001:00018290       ??$?HDU?$char_traits@D@std@@V?$allocator@D@1@@std@@YA?AV?$basic_string@DU?$char_traits@D@std@@V?$allocator@D@2@@0@$$QAV10@QBD@Z 10019290 f i Configuration.obj
 0001:000182f0       ??$_Fill_unchecked@PAV?$_List_unchecked_iterator@V?$_List_val@U?$_List_simple_types@U?$pair@$$CBV?$basic_string@DU?$char_traits@D@std@@V?$allocator@D@2@@std@@UskinInfo@@@std@@@std@@@std@@@std@@V12@@std@@YAXPAV?$_List_unchecked_iterator@V?$_List_val@U?$_List_simple_types@U?$pair@$$CBV?$basic_string@DU?$char_traits@D@std@@V?$allocator@D@2@@std@@UskinInfo@@@std@@@std@@@std@@@0@0ABV10@@Z 100192f0 f i Configuration.obj
 0001:000182f0       ??$_Fill_unchecked@PAV?$_List_unchecked_iterator@V?$_List_val@U?$_List_simple_types@U?$pair@$$CBV?$basic_string@DU?$char_traits@D@std@@V?$allocator@D@2@@std@@V12@@std@@@std@@@std@@@std@@V12@@std@@YAXPAV?$_List_unchecked_iterator@V?$_List_val@U?$_List_simple_types@U?$pair@$$CBV?$basic_string@DU?$char_traits@D@std@@V?$allocator@D@2@@std@@V12@@std@@@std@@@std@@@0@0ABV10@@Z 100192f0 f i Configuration.obj
 0001:000182f0       ??$_Fill_unchecked@PAV?$_List_unchecked_iterator@V?$_List_val@U?$_List_simple_types@U?$pair@$$CBV?$basic_string@DU?$char_traits@D@std@@V?$allocator@D@2@@std@@V?$set@V?$basic_string@DU?$char_traits@D@std@@V?$allocator@D@2@@std@@U?$less@V?$basic_string@DU?$char_traits@D@std@@V?$allocator@D@2@@std@@@2@V?$allocator@V?$basic_string@DU?$char_traits@D@std@@V?$allocator@D@2@@std@@@2@@2@@std@@@std@@@std@@@std@@V12@@std@@YAXPAV?$_List_unchecked_iterator@V?$_List_val@U?$_List_simple_types@U?$pair@$$CBV?$basic_string@DU?$char_traits@D@std@@V?$allocator@D@2@@std@@V?$set@V?$basic_string@DU?$char_traits@D@std@@V?$allocator@D@2@@std@@U?$less@V?$basic_string@DU?$char_traits@D@std@@V?$allocator@D@2@@std@@@2@V?$allocator@V?$basic_string@DU?$char_traits@D@std@@V?$allocator@D@2@@std@@@2@@2@@std@@@std@@@std@@@0@0ABV10@@Z 100192f0 f i Configuration.obj
 0001:000182f0       ??$_Fill_unchecked@PAV?$_List_unchecked_iterator@V?$_List_val@U?$_List_simple_types@U?$pair@QADPAD@std@@@std@@@std@@@std@@V12@@std@@YAXPAV?$_List_unchecked_iterator@V?$_List_val@U?$_List_simple_types@U?$pair@QADPAD@std@@@std@@@std@@@0@0ABV10@@Z 100192f0 f i Hooks.obj
 0001:00018370       ??$_UIntegral_to_buff@DI@std@@YAPADPADI@Z 10019370 f i Configuration.obj
 0001:000183b0       ??$emplace_back@ABQAURecvTable@@@?$vector@PAURecvTable@@V?$allocator@PAURecvTable@@@std@@@std@@QAEXABQAURecvTable@@@Z 100193b0 f i NetVarManager.obj
 0001:000183b0       ??$emplace_back@PAV?$ConfigValue@H@@@?$vector@PAV?$ConfigValue@H@@V?$allocator@PAV?$ConfigValue@H@@@std@@@std@@QAEX$$QAPAV?$ConfigValue@H@@@Z 100193b0 f i Configuration.obj
 0001:000183b0       ??$emplace_back@PAV?$ConfigValue@M@@@?$vector@PAV?$ConfigValue@M@@V?$allocator@PAV?$ConfigValue@M@@@std@@@std@@QAEX$$QAPAV?$ConfigValue@M@@@Z 100193b0 f i Configuration.obj
 0001:000183b0       ??$emplace_back@PAV?$ConfigValue@_N@@@?$vector@PAV?$ConfigValue@_N@@V?$allocator@PAV?$ConfigValue@_N@@@std@@@std@@QAEX$$QAPAV?$ConfigValue@_N@@@Z 100193b0 f i Configuration.obj
 0001:00018510       ??0<unnamed-type-Skinchanger>@Variables@@QAE@XZ 10019510 f i Configuration.obj
 0001:000186f0       ??0?$basic_string@DU?$char_traits@D@std@@V?$allocator@D@2@@std@@QAE@ABV01@@Z 100196f0 f i Configuration.obj
 0001:00018780       ??0?$basic_string@DU?$char_traits@D@std@@V?$allocator@D@2@@std@@QAE@ID@Z 10019780 f i Configuration.obj
 0001:00018880       ??0?$basic_string@DU?$char_traits@D@std@@V?$allocator@D@2@@std@@QAE@QBD@Z 10019880 f i Configuration.obj
 0001:000188c0       ??1?$list@U?$pair@$$CBV?$basic_string@DU?$char_traits@D@std@@V?$allocator@D@2@@std@@UskinInfo@@@std@@V?$allocator@U?$pair@$$CBV?$basic_string@DU?$char_traits@D@std@@V?$allocator@D@2@@std@@UskinInfo@@@std@@@2@@std@@QAE@XZ 100198c0 f i Configuration.obj
 0001:000189b0       ??1?$list@U?$pair@$$CBV?$basic_string@DU?$char_traits@D@std@@V?$allocator@D@2@@std@@V12@@std@@V?$allocator@U?$pair@$$CBV?$basic_string@DU?$char_traits@D@std@@V?$allocator@D@2@@std@@V12@@std@@@2@@std@@QAE@XZ 100199b0 f i Configuration.obj
 0001:00018aa0       ??1?$list@U?$pair@$$CBV?$basic_string@DU?$char_traits@D@std@@V?$allocator@D@2@@std@@V?$set@V?$basic_string@DU?$char_traits@D@std@@V?$allocator@D@2@@std@@U?$less@V?$basic_string@DU?$char_traits@D@std@@V?$allocator@D@2@@std@@@2@V?$allocator@V?$basic_string@DU?$char_traits@D@std@@V?$allocator@D@2@@std@@@2@@2@@std@@V?$allocator@U?$pair@$$CBV?$basic_string@DU?$char_traits@D@std@@V?$allocator@D@2@@std@@V?$set@V?$basic_string@DU?$char_traits@D@std@@V?$allocator@D@2@@std@@U?$less@V?$basic_string@DU?$char_traits@D@std@@V?$allocator@D@2@@std@@@2@V?$allocator@V?$basic_string@DU?$char_traits@D@std@@V?$allocator@D@2@@std@@@2@@2@@std@@@2@@std@@QAE@XZ 10019aa0 f i Configuration.obj
 0001:00018bc0       ??1?$unordered_map@V?$basic_string@DU?$char_traits@D@std@@V?$allocator@D@2@@std@@UskinInfo@@U?$hash@V?$basic_string@DU?$char_traits@D@std@@V?$allocator@D@2@@std@@@2@U?$equal_to@V?$basic_string@DU?$char_traits@D@std@@V?$allocator@D@2@@std@@@2@V?$allocator@U?$pair@$$CBV?$basic_string@DU?$char_traits@D@std@@V?$allocator@D@2@@std@@UskinInfo@@@std@@@2@@std@@QAE@XZ 10019bc0 f i Configuration.obj
 0001:00018be0       ??1?$unordered_map@V?$basic_string@DU?$char_traits@D@std@@V?$allocator@D@2@@std@@V?$set@V?$basic_string@DU?$char_traits@D@std@@V?$allocator@D@2@@std@@U?$less@V?$basic_string@DU?$char_traits@D@std@@V?$allocator@D@2@@std@@@2@V?$allocator@V?$basic_string@DU?$char_traits@D@std@@V?$allocator@D@2@@std@@@2@@2@U?$hash@V?$basic_string@DU?$char_traits@D@std@@V?$allocator@D@2@@std@@@2@U?$equal_to@V?$basic_string@DU?$char_traits@D@std@@V?$allocator@D@2@@std@@@2@V?$allocator@U?$pair@$$CBV?$basic_string@DU?$char_traits@D@std@@V?$allocator@D@2@@std@@V?$set@V?$basic_string@DU?$char_traits@D@std@@V?$allocator@D@2@@std@@U?$less@V?$basic_string@DU?$char_traits@D@std@@V?$allocator@D@2@@std@@@2@V?$allocator@V?$basic_string@DU?$char_traits@D@std@@V?$allocator@D@2@@std@@@2@@2@@std@@@2@@std@@QAE@XZ 10019be0 f i Configuration.obj
 0001:00018c00       ??1?$vector@V?$basic_string@DU?$char_traits@D@std@@V?$allocator@D@2@@std@@V?$allocator@V?$basic_string@DU?$char_traits@D@std@@V?$allocator@D@2@@std@@@2@@std@@QAE@XZ 10019c00 f i Configuration.obj
 0001:00018ce0       ??4?$basic_string@DU?$char_traits@D@std@@V?$allocator@D@2@@std@@QAEAAV01@$$QAV01@@Z 10019ce0 f i Configuration.obj
 0001:00018d20       ?Load@CConfig@@QAEXXZ      10019d20 f   Configuration.obj
 0001:00019490       ?Save@CConfig@@QAEXXZ      1001a490 f   Configuration.obj
 0001:00019d20       ?Setup@CConfig@@QAEXXZ     1001ad20 f   Configuration.obj
 0001:0001c750       ?SetupValue@CConfig@@AAEXAAHHV?$basic_string@DU?$char_traits@D@std@@V?$allocator@D@2@@std@@1@Z 1001d750 f   Configuration.obj
 0001:0001c980       ?SetupValue@CConfig@@AAEXAAMMV?$basic_string@DU?$char_traits@D@std@@V?$allocator@D@2@@std@@1@Z 1001d980 f   Configuration.obj
 0001:0001cbb0       ?SetupValue@CConfig@@AAEXAA_N_NV?$basic_string@DU?$char_traits@D@std@@V?$allocator@D@2@@std@@2@Z 1001dbb0 f   Configuration.obj
 0001:0001cde0       ?_Buynode0@?$_List_alloc@U?$_List_base_types@U?$pair@$$CBV?$basic_string@DU?$char_traits@D@std@@V?$allocator@D@2@@std@@UskinInfo@@@std@@V?$allocator@U?$pair@$$CBV?$basic_string@DU?$char_traits@D@std@@V?$allocator@D@2@@std@@UskinInfo@@@std@@@2@@std@@@std@@QAEPAU?$_List_node@U?$pair@$$CBV?$basic_string@DU?$char_traits@D@std@@V?$allocator@D@2@@std@@UskinInfo@@@std@@PAX@2@PAU32@0@Z 1001dde0 f i Configuration.obj
 0001:0001ce20       ?_Buynode0@?$_List_alloc@U?$_List_base_types@U?$pair@$$CBV?$basic_string@DU?$char_traits@D@std@@V?$allocator@D@2@@std@@V12@@std@@V?$allocator@U?$pair@$$CBV?$basic_string@DU?$char_traits@D@std@@V?$allocator@D@2@@std@@V12@@std@@@2@@std@@@std@@QAEPAU?$_List_node@U?$pair@$$CBV?$basic_string@DU?$char_traits@D@std@@V?$allocator@D@2@@std@@V12@@std@@PAX@2@PAU32@0@Z 1001de20 f i Configuration.obj
 0001:0001ce60       ?_Buynode0@?$_List_alloc@U?$_List_base_types@U?$pair@$$CBV?$basic_string@DU?$char_traits@D@std@@V?$allocator@D@2@@std@@V?$set@V?$basic_string@DU?$char_traits@D@std@@V?$allocator@D@2@@std@@U?$less@V?$basic_string@DU?$char_traits@D@std@@V?$allocator@D@2@@std@@@2@V?$allocator@V?$basic_string@DU?$char_traits@D@std@@V?$allocator@D@2@@std@@@2@@2@@std@@V?$allocator@U?$pair@$$CBV?$basic_string@DU?$char_traits@D@std@@V?$allocator@D@2@@std@@V?$set@V?$basic_string@DU?$char_traits@D@std@@V?$allocator@D@2@@std@@U?$less@V?$basic_string@DU?$char_traits@D@std@@V?$allocator@D@2@@std@@@2@V?$allocator@V?$basic_string@DU?$char_traits@D@std@@V?$allocator@D@2@@std@@@2@@2@@std@@@2@@std@@@std@@QAEPAU?$_List_node@U?$pair@$$CBV?$basic_string@DU?$char_traits@D@std@@V?$allocator@D@2@@std@@V?$set@V?$basic_string@DU?$char_traits@D@std@@V?$allocator@D@2@@std@@U?$less@V?$basic_string@DU?$char_traits@D@std@@V?$allocator@D@2@@std@@@2@V?$allocator@V?$basic_string@DU?$char_traits@D@std@@V?$allocator@D@2@@std@@@2@@2@@std@@PAX@2@PAU32@0@Z 1001de60 f i Configuration.obj
 0001:0001cea0       ?_Erase@?$_Tree@V?$_Tset_traits@V?$basic_string@DU?$char_traits@D@std@@V?$allocator@D@2@@std@@U?$less@V?$basic_string@DU?$char_traits@D@std@@V?$allocator@D@2@@std@@@2@V?$allocator@V?$basic_string@DU?$char_traits@D@std@@V?$allocator@D@2@@std@@@2@$0A@@std@@@std@@IAEXPAU?$_Tree_node@V?$basic_string@DU?$char_traits@D@std@@V?$allocator@D@2@@std@@PAX@2@@Z 1001dea0 f i Configuration.obj
 0001:0001cf30       ?_Init@?$_Hash@V?$_Umap_traits@V?$basic_string@DU?$char_traits@D@std@@V?$allocator@D@2@@std@@V?$set@V?$basic_string@DU?$char_traits@D@std@@V?$allocator@D@2@@std@@U?$less@V?$basic_string@DU?$char_traits@D@std@@V?$allocator@D@2@@std@@@2@V?$allocator@V?$basic_string@DU?$char_traits@D@std@@V?$allocator@D@2@@std@@@2@@2@V?$_Uhash_compare@V?$basic_string@DU?$char_traits@D@std@@V?$allocator@D@2@@std@@U?$hash@V?$basic_string@DU?$char_traits@D@std@@V?$allocator@D@2@@std@@@2@U?$equal_to@V?$basic_string@DU?$char_traits@D@std@@V?$allocator@D@2@@std@@@2@@2@V?$allocator@U?$pair@$$CBV?$basic_string@DU?$char_traits@D@std@@V?$allocator@D@2@@std@@V?$set@V?$basic_string@DU?$char_traits@D@std@@V?$allocator@D@2@@std@@U?$less@V?$basic_string@DU?$char_traits@D@std@@V?$allocator@D@2@@std@@@2@V?$allocator@V?$basic_string@DU?$char_traits@D@std@@V?$allocator@D@2@@std@@@2@@2@@std@@@2@$0A@@std@@@std@@IAEXI@Z 1001df30 f i Configuration.obj
 0001:0001cf30       ?_Init@?$_Hash@V?$_Umap_traits@V?$basic_string@DU?$char_traits@D@std@@V?$allocator@D@2@@std@@V12@V?$_Uhash_compare@V?$basic_string@DU?$char_traits@D@std@@V?$allocator@D@2@@std@@U?$hash@V?$basic_string@DU?$char_traits@D@std@@V?$allocator@D@2@@std@@@2@U?$equal_to@V?$basic_string@DU?$char_traits@D@std@@V?$allocator@D@2@@std@@@2@@2@V?$allocator@U?$pair@$$CBV?$basic_string@DU?$char_traits@D@std@@V?$allocator@D@2@@std@@V12@@std@@@2@$0A@@std@@@std@@IAEXI@Z 1001df30 f i Configuration.obj
 0001:0001cf30       ?_Init@?$_Hash@V?$_Umap_traits@V?$basic_string@DU?$char_traits@D@std@@V?$allocator@D@2@@std@@UskinInfo@@V?$_Uhash_compare@V?$basic_string@DU?$char_traits@D@std@@V?$allocator@D@2@@std@@U?$hash@V?$basic_string@DU?$char_traits@D@std@@V?$allocator@D@2@@std@@@2@U?$equal_to@V?$basic_string@DU?$char_traits@D@std@@V?$allocator@D@2@@std@@@2@@2@V?$allocator@U?$pair@$$CBV?$basic_string@DU?$char_traits@D@std@@V?$allocator@D@2@@std@@UskinInfo@@@std@@@2@$0A@@std@@@std@@IAEXI@Z 1001df30 f i Configuration.obj
 0001:0001cf30       ?_Init@?$_Hash@V?$_Umap_traits@PADPADV?$_Uhash_compare@PADU?$hash@PAD@std@@U?$equal_to@PAD@2@@std@@V?$allocator@U?$pair@QADPAD@std@@@2@$0A@@std@@@std@@IAEXI@Z 1001df30 f i Hooks.obj
 0001:0001d080       ?_Xlength@?$vector@V?$_List_unchecked_iterator@V?$_List_val@U?$_List_simple_types@U?$pair@$$CBV?$basic_string@DU?$char_traits@D@std@@V?$allocator@D@2@@std@@UskinInfo@@@std@@@std@@@std@@@std@@V?$allocator@V?$_List_unchecked_iterator@V?$_List_val@U?$_List_simple_types@U?$pair@$$CBV?$basic_string@DU?$char_traits@D@std@@V?$allocator@D@2@@std@@UskinInfo@@@std@@@std@@@std@@@std@@@2@@std@@CAXXZ 1001e080 f i Configuration.obj
 0001:0001d080       ?_Xlength@?$vector@PAURecvTable@@V?$allocator@PAURecvTable@@@std@@@std@@CAXXZ 1001e080 f i NetVarManager.obj
 0001:0001d080       ?_Xlength@?$vector@V?$shared_ptr@VNode@valve_parser@@@std@@V?$allocator@V?$shared_ptr@VNode@valve_parser@@@std@@@2@@std@@CAXXZ 1001e080 f i Parser.obj
 0001:0001d080       ?_Xlength@?$vector@V?$_List_unchecked_iterator@V?$_List_val@U?$_List_simple_types@U?$pair@QADPAD@std@@@std@@@std@@@std@@V?$allocator@V?$_List_unchecked_iterator@V?$_List_val@U?$_List_simple_types@U?$pair@QADPAD@std@@@std@@@std@@@std@@@2@@std@@CAXXZ 1001e080 f i Hooks.obj
 0001:0001d080       ?_Xlength@?$vector@PAV?$ConfigValue@M@@V?$allocator@PAV?$ConfigValue@M@@@std@@@std@@CAXXZ 1001e080 f i Configuration.obj
 0001:0001d080       ?_Xlength@?$vector@V?$_List_unchecked_iterator@V?$_List_val@U?$_List_simple_types@U?$pair@$$CBV?$basic_string@DU?$char_traits@D@std@@V?$allocator@D@2@@std@@V12@@std@@@std@@@std@@@std@@V?$allocator@V?$_List_unchecked_iterator@V?$_List_val@U?$_List_simple_types@U?$pair@$$CBV?$basic_string@DU?$char_traits@D@std@@V?$allocator@D@2@@std@@V12@@std@@@std@@@std@@@std@@@2@@std@@CAXXZ 1001e080 f i Configuration.obj
 0001:0001d080       ?_Xlength@?$vector@V?$basic_string@DU?$char_traits@D@std@@V?$allocator@D@2@@std@@V?$allocator@V?$basic_string@DU?$char_traits@D@std@@V?$allocator@D@2@@std@@@2@@std@@CAXXZ 1001e080 f i Hooks.obj
 0001:0001d080       ?_Xlength@?$vector@HV?$allocator@H@std@@@std@@CAXXZ 1001e080 f i LegitBot.obj
 0001:0001d080       ?_Xlength@?$vector@V?$_List_unchecked_iterator@V?$_List_val@U?$_List_simple_types@U?$pair@$$CBV?$basic_string@DU?$char_traits@D@std@@V?$allocator@D@2@@std@@V?$set@V?$basic_string@DU?$char_traits@D@std@@V?$allocator@D@2@@std@@U?$less@V?$basic_string@DU?$char_traits@D@std@@V?$allocator@D@2@@std@@@2@V?$allocator@V?$basic_string@DU?$char_traits@D@std@@V?$allocator@D@2@@std@@@2@@2@@std@@@std@@@std@@@std@@V?$allocator@V?$_List_unchecked_iterator@V?$_List_val@U?$_List_simple_types@U?$pair@$$CBV?$basic_string@DU?$char_traits@D@std@@V?$allocator@D@2@@std@@V?$set@V?$basic_string@DU?$char_traits@D@std@@V?$allocator@D@2@@std@@U?$less@V?$basic_string@DU?$char_traits@D@std@@V?$allocator@D@2@@std@@@2@V?$allocator@V?$basic_string@DU?$char_traits@D@std@@V?$allocator@D@2@@std@@@2@@2@@std@@@std@@@std@@@std@@@2@@std@@CAXXZ 1001e080 f i Configuration.obj
 0001:0001d080       ?_Xlength@?$vector@PAV?$ConfigValue@H@@V?$allocator@PAV?$ConfigValue@H@@@std@@@std@@CAXXZ 1001e080 f i Configuration.obj
 0001:0001d080       ?_Xlength@?$vector@_SV?$allocator@_S@std@@@std@@CAXXZ 1001e080 f i Parser.obj
 0001:0001d080       ?_Xlength@?$vector@VVector@@V?$allocator@VVector@@@std@@@std@@CAXXZ 1001e080 f i GrenadePrediction.obj
 0001:0001d080       ?_Xlength@?$vector@PAV?$ConfigValue@_N@@V?$allocator@PAV?$ConfigValue@_N@@@std@@@std@@CAXXZ 1001e080 f i Configuration.obj
 0001:0001d090       ?_Xran@?$_String_val@U?$_Simple_types@D@std@@@std@@SAXXZ 1001e090 f i Configuration.obj
 0001:0001d0a0       ?append@?$basic_string@DU?$char_traits@D@std@@V?$allocator@D@2@@std@@QAEAAV12@ID@Z 1001e0a0 f i Configuration.obj
 0001:0001d1f0       ?append@?$basic_string@DU?$char_traits@D@std@@V?$allocator@D@2@@std@@QAEAAV12@QBDI@Z 1001e1f0 f i Configuration.obj
 0001:0001d340       ?insert@?$basic_string@DU?$char_traits@D@std@@V?$allocator@D@2@@std@@QAEAAV12@IQBDI@Z 1001e340 f i Configuration.obj
 0001:0001d520       __scprintf                 1001e520 f i Configuration.obj
 0001:0001d550       ?on_dll_attach@@YA_NPAX@Z  1001e550 f   DLLMain.obj
 0001:0001d5c0       _DllMain@12                1001e5c0 f   DLLMain.obj
 0001:0001d680       ??$_Unfancy@V?$shared_ptr@VNode@valve_parser@@@std@@@std@@YAPAV?$shared_ptr@VNode@valve_parser@@@0@PAV10@@Z 1001e680 f   Parser.obj
 0001:0001da10       ??$sprintf_s@$0EA@@@YAHAAY0EA@DPBDZZ 1001ea10 f i ESP.obj
 0001:0001dae0       ??0visuals@@QAE@XZ         1001eae0 f   ESP.obj
 0001:0001db80       ??1?$vector@VVector@@V?$allocator@VVector@@@std@@@std@@QAE@XZ 1001eb80 f i ESP.obj
 0001:0001dc00       ?_Tidy_deallocate@?$basic_string@DU?$char_traits@D@std@@V?$allocator@D@2@@std@@QAEXXZ 1001ec00 f   Parser.obj
 0001:0001dc00       ??1?$basic_string@DU?$char_traits@D@std@@V?$allocator@D@2@@std@@QAE@XZ 1001ec00 f   Parser.obj
 0001:0001dc60       ?BulletTrace@visuals@@AAEXPAVC_BaseEntity@@VColor@@@Z 1001ec60 f   ESP.obj
 0001:0001df70       ?Crosshair@visuals@@AAEXPAVC_BaseEntity@@@Z 1001ef70 f   ESP.obj
 0001:0001e1c0       ?DrawAngles@visuals@@AAEXXZ 1001f1c0 f   ESP.obj
 0001:0001e660       ?DrawCorners@visuals@@AAEXUtagRECT@@VColor@@@Z 1001f660 f   ESP.obj
 0001:0001e920       ?DrawInfo@visuals@@AAEXUtagRECT@@PAVC_BaseEntity@@1@Z 1001f920 f   ESP.obj
 0001:0001f800       ?DynamicBox@visuals@@AAE?AUtagRECT@@PAVC_BaseEntity@@AA_N0@Z 10020800 f   ESP.obj
 0001:0001fd70       ?GetBonePos@C_BaseEntity@@QAE?AVVector@@H@Z 10020d70 f i ESP.obj
 0001:0001fe30       ?GetEyePosition@C_BaseEntity@@QAE?AVVector@@XZ 10020e30 f i ESP.obj
 0001:0001fea0       ?Init@Ray_t@@QAEXABVVector@@0@Z 10020ea0 f i ESP.obj
 0001:0001ff60       ?IsAlive@C_BaseEntity@@QAE_NXZ 10020f60 f i ESP.obj
 0001:0001ff80       ?NightMode@visuals@@AAEXXZ 10020f80 f   ESP.obj
 0001:000203b0       ?OnPaintTraverse@visuals@@QAEXPAVC_BaseEntity@@@Z 100213b0 f   ESP.obj
 0001:00021bc0       ?ThreeDBox@visuals@@AAEXVVector@@00VColor@@@Z 10022bc0 f   ESP.obj
 0001:00021df0       ?flGetDistance@@YAHVVector@@0@Z 10022df0 f i ESP.obj
 0001:00021e80       ?to_string@std@@YA?AV?$basic_string@DU?$char_traits@D@std@@V?$allocator@D@2@@1@H@Z 10022e80 f i ESP.obj
 0001:00021f00       _sprintf                   10022f00 f i ESP.obj
 0001:00021f40       ??$_Uninitialized_move_al_unchecked@PAVVector@@PAV1@V?$allocator@VVector@@@std@@@std@@YAPAVVector@@PAV1@00AAV?$allocator@VVector@@@0@U_General_ptr_iterator_tag@0@U_Unused_parameter@0@@Z 10022f40 f i GrenadePrediction.obj
 0001:00021f70       ??$emplace_back@ABVVector@@@?$vector@VVector@@V?$allocator@VVector@@@std@@@std@@QAEXABVVector@@@Z 10022f70 f i GrenadePrediction.obj
 0001:00022180       ?Init@Ray_t@@QAEXABVVector@@000@Z 10023180 f i GrenadePrediction.obj
 0001:00022360       ?Paint@grenade_prediction@@QAEXXZ 10023360 f   GrenadePrediction.obj
 0001:000224a0       ?Setup@grenade_prediction@@AAEXAAVVector@@0V2@@Z 100234a0 f   GrenadePrediction.obj
 0001:00022840       ?ShouldHitEntity@CTraceFilterWorldAndPropsOnly@@UAE_NPAVC_BaseEntity@@H@Z 10023840 f i GrenadePrediction.obj
 0001:00022850       ?Step@grenade_prediction@@AAEHAAVVector@@0HM@Z 10023850 f   GrenadePrediction.obj
 0001:00022c10       ?Tick@grenade_prediction@@QAEXH@Z 10023c10 f   GrenadePrediction.obj
 0001:00022c50       ?TraceHull@grenade_prediction@@AAEXAAVVector@@0AAVCGameTrace@@@Z 10023c50 f   GrenadePrediction.obj
 0001:00022d30       ?View@grenade_prediction@@QAEXPAUCViewSetup@@@Z 10023d30 f   GrenadePrediction.obj
 0001:00022eb0       ?deallocate@?$allocator@VVector@@@std@@QAEXQAVVector@@I@Z 10023eb0 f i GrenadePrediction.obj
 0001:00022f00       ??$?0PADX@?$basic_string@DU?$char_traits@D@std@@V?$allocator@D@2@@std@@QAE@PAD0ABV?$allocator@D@1@@Z 10023f00 f i Hooks.obj
 0001:00022f40       ??$_Buynode@ABUpiecewise_construct_t@std@@V?$tuple@ABV?$basic_string@DU?$char_traits@D@std@@V?$allocator@D@2@@std@@@2@V?$tuple@$$V@2@@?$_List_buy@U?$pair@$$CBV?$basic_string@DU?$char_traits@D@std@@V?$allocator@D@2@@std@@UskinInfo@@@std@@V?$allocator@U?$pair@$$CBV?$basic_string@DU?$char_traits@D@std@@V?$allocator@D@2@@std@@UskinInfo@@@std@@@2@@std@@QAEPAU?$_List_node@U?$pair@$$CBV?$basic_string@DU?$char_traits@D@std@@V?$allocator@D@2@@std@@UskinInfo@@@std@@PAX@1@PAU21@0ABUpiecewise_construct_t@1@$$QAV?$tuple@ABV?$basic_string@DU?$char_traits@D@std@@V?$allocator@D@2@@std@@@1@$$QAV?$tuple@$$V@1@@Z 10023f40 f i Hooks.obj
 0001:00022ff0       ??$_Buynode@ABUpiecewise_construct_t@std@@V?$tuple@ABV?$basic_string@DU?$char_traits@D@std@@V?$allocator@D@2@@std@@@2@V?$tuple@$$V@2@@?$_List_buy@U?$pair@$$CBV?$basic_string@DU?$char_traits@D@std@@V?$allocator@D@2@@std@@V12@@std@@V?$allocator@U?$pair@$$CBV?$basic_string@DU?$char_traits@D@std@@V?$allocator@D@2@@std@@V12@@std@@@2@@std@@QAEPAU?$_List_node@U?$pair@$$CBV?$basic_string@DU?$char_traits@D@std@@V?$allocator@D@2@@std@@V12@@std@@PAX@1@PAU21@0ABUpiecewise_construct_t@1@$$QAV?$tuple@ABV?$basic_string@DU?$char_traits@D@std@@V?$allocator@D@2@@std@@@1@$$QAV?$tuple@$$V@1@@Z 10023ff0 f i Hooks.obj
 0001:00023090       ??$_Buynode@ABUpiecewise_construct_t@std@@V?$tuple@ABV?$basic_string@DU?$char_traits@D@std@@V?$allocator@D@2@@std@@@2@V?$tuple@$$V@2@@?$_List_buy@U?$pair@$$CBV?$basic_string@DU?$char_traits@D@std@@V?$allocator@D@2@@std@@V?$set@V?$basic_string@DU?$char_traits@D@std@@V?$allocator@D@2@@std@@U?$less@V?$basic_string@DU?$char_traits@D@std@@V?$allocator@D@2@@std@@@2@V?$allocator@V?$basic_string@DU?$char_traits@D@std@@V?$allocator@D@2@@std@@@2@@2@@std@@V?$allocator@U?$pair@$$CBV?$basic_string@DU?$char_traits@D@std@@V?$allocator@D@2@@std@@V?$set@V?$basic_string@DU?$char_traits@D@std@@V?$allocator@D@2@@std@@U?$less@V?$basic_string@DU?$char_traits@D@std@@V?$allocator@D@2@@std@@@2@V?$allocator@V?$basic_string@DU?$char_traits@D@std@@V?$allocator@D@2@@std@@@2@@2@@std@@@2@@std@@QAEPAU?$_List_node@U?$pair@$$CBV?$basic_string@DU?$char_traits@D@std@@V?$allocator@D@2@@std@@V?$set@V?$basic_string@DU?$char_traits@D@std@@V?$allocator@D@2@@std@@U?$less@V?$basic_string@DU?$char_traits@D@std@@V?$allocator@D@2@@std@@@2@V?$allocator@V?$basic_string@DU?$char_traits@D@std@@V?$allocator@D@2@@std@@@2@@2@@std@@PAX@1@PAU21@0ABUpiecewise_construct_t@1@$$QAV?$tuple@ABV?$basic_string@DU?$char_traits@D@std@@V?$allocator@D@2@@std@@@1@$$QAV?$tuple@$$V@1@@Z 10024090 f i Hooks.obj
 0001:00023140       ??$_Buynode@V?$basic_string@DU?$char_traits@D@std@@V?$allocator@D@2@@std@@@?$_Tree_comp_alloc@V?$_Tset_traits@V?$basic_string@DU?$char_traits@D@std@@V?$allocator@D@2@@std@@U?$less@V?$basic_string@DU?$char_traits@D@std@@V?$allocator@D@2@@std@@@2@V?$allocator@V?$basic_string@DU?$char_traits@D@std@@V?$allocator@D@2@@std@@@2@$0A@@std@@@std@@QAEPAU?$_Tree_node@V?$basic_string@DU?$char_traits@D@std@@V?$allocator@D@2@@std@@PAX@1@$$QAV?$basic_string@DU?$char_traits@D@std@@V?$allocator@D@2@@1@@Z 10024140 f i Hooks.obj
 0001:00023190       ??$_Destroy_range@V?$allocator@V?$basic_string@DU?$char_traits@D@std@@V?$allocator@D@2@@std@@@std@@@std@@YAXPAV?$basic_string@DU?$char_traits@D@std@@V?$allocator@D@2@@0@0AAV?$allocator@V?$basic_string@DU?$char_traits@D@std@@V?$allocator@D@2@@std@@@0@@Z 10024190 f i Hooks.obj
 0001:00023200       ??$_Insert@AAU?$pair@$$CBV?$basic_string@DU?$char_traits@D@std@@V?$allocator@D@2@@std@@UskinInfo@@@std@@V?$_List_unchecked_iterator@V?$_List_val@U?$_List_simple_types@U?$pair@$$CBV?$basic_string@DU?$char_traits@D@std@@V?$allocator@D@2@@std@@UskinInfo@@@std@@@std@@@std@@@2@@?$_Hash@V?$_Umap_traits@V?$basic_string@DU?$char_traits@D@std@@V?$allocator@D@2@@std@@UskinInfo@@V?$_Uhash_compare@V?$basic_string@DU?$char_traits@D@std@@V?$allocator@D@2@@std@@U?$hash@V?$basic_string@DU?$char_traits@D@std@@V?$allocator@D@2@@std@@@2@U?$equal_to@V?$basic_string@DU?$char_traits@D@std@@V?$allocator@D@2@@std@@@2@@2@V?$allocator@U?$pair@$$CBV?$basic_string@DU?$char_traits@D@std@@V?$allocator@D@2@@std@@UskinInfo@@@std@@@2@$0A@@std@@@std@@IAE?AU?$pair@V?$_List_iterator@V?$_List_val@U?$_List_simple_types@U?$pair@$$CBV?$basic_string@DU?$char_traits@D@std@@V?$allocator@D@2@@std@@UskinInfo@@@std@@@std@@@std@@@std@@_N@1@AAU?$pair@$$CBV?$basic_string@DU?$char_traits@D@std@@V?$allocator@D@2@@std@@UskinInfo@@@1@V?$_List_unchecked_iterator@V?$_List_val@U?$_List_simple_types@U?$pair@$$CBV?$basic_string@DU?$char_traits@D@std@@V?$allocator@D@2@@std@@UskinInfo@@@std@@@std@@@std@@@1@@Z 10024200 f i Hooks.obj
 0001:000234a0       ??$_Insert@AAU?$pair@$$CBV?$basic_string@DU?$char_traits@D@std@@V?$allocator@D@2@@std@@V12@@std@@V?$_List_unchecked_iterator@V?$_List_val@U?$_List_simple_types@U?$pair@$$CBV?$basic_string@DU?$char_traits@D@std@@V?$allocator@D@2@@std@@V12@@std@@@std@@@std@@@2@@?$_Hash@V?$_Umap_traits@V?$basic_string@DU?$char_traits@D@std@@V?$allocator@D@2@@std@@V12@V?$_Uhash_compare@V?$basic_string@DU?$char_traits@D@std@@V?$allocator@D@2@@std@@U?$hash@V?$basic_string@DU?$char_traits@D@std@@V?$allocator@D@2@@std@@@2@U?$equal_to@V?$basic_string@DU?$char_traits@D@std@@V?$allocator@D@2@@std@@@2@@2@V?$allocator@U?$pair@$$CBV?$basic_string@DU?$char_traits@D@std@@V?$allocator@D@2@@std@@V12@@std@@@2@$0A@@std@@@std@@IAE?AU?$pair@V?$_List_iterator@V?$_List_val@U?$_List_simple_types@U?$pair@$$CBV?$basic_string@DU?$char_traits@D@std@@V?$allocator@D@2@@std@@V12@@std@@@std@@@std@@@std@@_N@1@AAU?$pair@$$CBV?$basic_string@DU?$char_traits@D@std@@V?$allocator@D@2@@std@@V12@@1@V?$_List_unchecked_iterator@V?$_List_val@U?$_List_simple_types@U?$pair@$$CBV?$basic_string@DU?$char_traits@D@std@@V?$allocator@D@2@@std@@V12@@std@@@std@@@std@@@1@@Z 100244a0 f i Hooks.obj
 0001:00023740       ??$_Insert@AAU?$pair@$$CBV?$basic_string@DU?$char_traits@D@std@@V?$allocator@D@2@@std@@V?$set@V?$basic_string@DU?$char_traits@D@std@@V?$allocator@D@2@@std@@U?$less@V?$basic_string@DU?$char_traits@D@std@@V?$allocator@D@2@@std@@@2@V?$allocator@V?$basic_string@DU?$char_traits@D@std@@V?$allocator@D@2@@std@@@2@@2@@std@@V?$_List_unchecked_iterator@V?$_List_val@U?$_List_simple_types@U?$pair@$$CBV?$basic_string@DU?$char_traits@D@std@@V?$allocator@D@2@@std@@V?$set@V?$basic_string@DU?$char_traits@D@std@@V?$allocator@D@2@@std@@U?$less@V?$basic_string@DU?$char_traits@D@std@@V?$allocator@D@2@@std@@@2@V?$allocator@V?$basic_string@DU?$char_traits@D@std@@V?$allocator@D@2@@std@@@2@@2@@std@@@std@@@std@@@2@@?$_Hash@V?$_Umap_traits@V?$basic_string@DU?$char_traits@D@std@@V?$allocator@D@2@@std@@V?$set@V?$basic_string@DU?$char_traits@D@std@@V?$allocator@D@2@@std@@U?$less@V?$basic_string@DU?$char_traits@D@std@@V?$allocator@D@2@@std@@@2@V?$allocator@V?$basic_string@DU?$char_traits@D@std@@V?$allocator@D@2@@std@@@2@@2@V?$_Uhash_compare@V?$basic_string@DU?$char_traits@D@std@@V?$allocator@D@2@@std@@U?$hash@V?$basic_string@DU?$char_traits@D@std@@V?$allocator@D@2@@std@@@2@U?$equal_to@V?$basic_string@DU?$char_traits@D@std@@V?$allocator@D@2@@std@@@2@@2@V?$allocator@U?$pair@$$CBV?$basic_string@DU?$char_traits@D@std@@V?$allocator@D@2@@std@@V?$set@V?$basic_string@DU?$char_traits@D@std@@V?$allocator@D@2@@std@@U?$less@V?$basic_string@DU?$char_traits@D@std@@V?$allocator@D@2@@std@@@2@V?$allocator@V?$basic_string@DU?$char_traits@D@std@@V?$allocator@D@2@@std@@@2@@2@@std@@@2@$0A@@std@@@std@@IAE?AU?$pair@V?$_List_iterator@V?$_List_val@U?$_List_simple_types@U?$pair@$$CBV?$basic_string@DU?$char_traits@D@std@@V?$allocator@D@2@@std@@V?$set@V?$basic_string@DU?$char_traits@D@std@@V?$allocator@D@2@@std@@U?$less@V?$basic_string@DU?$char_traits@D@std@@V?$allocator@D@2@@std@@@2@V?$allocator@V?$basic_string@DU?$char_traits@D@std@@V?$allocator@D@2@@std@@@2@@2@@std@@@std@@@std@@@std@@_N@1@AAU?$pair@$$CBV?$basic_string@DU?$char_traits@D@std@@V?$allocator@D@2@@std@@V?$set@V?$basic_string@DU?$char_traits@D@std@@V?$allocator@D@2@@std@@U?$less@V?$basic_string@DU?$char_traits@D@std@@V?$allocator@D@2@@std@@@2@V?$allocator@V?$basic_string@DU?$char_traits@D@std@@V?$allocator@D@2@@std@@@2@@2@@1@V?$_List_unchecked_iterator@V?$_List_val@U?$_List_simple_types@U?$pair@$$CBV?$basic_string@DU?$char_traits@D@std@@V?$allocator@D@2@@std@@V?$set@V?$basic_string@DU?$char_traits@D@std@@V?$allocator@D@2@@std@@U?$less@V?$basic_string@DU?$char_traits@D@std@@V?$allocator@D@2@@std@@@2@V?$allocator@V?$basic_string@DU?$char_traits@D@std@@V?$allocator@D@2@@std@@@2@@2@@std@@@std@@@std@@@1@@Z 10024740 f i Hooks.obj
 0001:000239e0       ??$_Insert_at@V?$basic_string@DU?$char_traits@D@std@@V?$allocator@D@2@@std@@U_Nil@2@@?$_Tree@V?$_Tset_traits@V?$basic_string@DU?$char_traits@D@std@@V?$allocator@D@2@@std@@U?$less@V?$basic_string@DU?$char_traits@D@std@@V?$allocator@D@2@@std@@@2@V?$allocator@V?$basic_string@DU?$char_traits@D@std@@V?$allocator@D@2@@std@@@2@$0A@@std@@@std@@IAE?AV?$_Tree_const_iterator@V?$_Tree_val@U?$_Tree_simple_types@V?$basic_string@DU?$char_traits@D@std@@V?$allocator@D@2@@std@@@std@@@std@@@1@_NPAU?$_Tree_node@V?$basic_string@DU?$char_traits@D@std@@V?$allocator@D@2@@std@@PAX@1@$$QAV?$basic_string@DU?$char_traits@D@std@@V?$allocator@D@2@@1@U_Nil@1@@Z 100249e0 f i Hooks.obj
 0001:00023b40       ??$_Insert_nohint@V?$basic_string@DU?$char_traits@D@std@@V?$allocator@D@2@@std@@U_Nil@2@@?$_Tree@V?$_Tset_traits@V?$basic_string@DU?$char_traits@D@std@@V?$allocator@D@2@@std@@U?$less@V?$basic_string@DU?$char_traits@D@std@@V?$allocator@D@2@@std@@@2@V?$allocator@V?$basic_string@DU?$char_traits@D@std@@V?$allocator@D@2@@std@@@2@$0A@@std@@@std@@IAE?AU?$pair@V?$_Tree_const_iterator@V?$_Tree_val@U?$_Tree_simple_types@V?$basic_string@DU?$char_traits@D@std@@V?$allocator@D@2@@std@@@std@@@std@@@std@@_N@1@_N$$QAV?$basic_string@DU?$char_traits@D@std@@V?$allocator@D@2@@1@U_Nil@1@@Z 10024b40 f i Hooks.obj
 0001:00023cf0       ??$_Range_construct_or_tidy@PBV?$basic_string@DU?$char_traits@D@std@@V?$allocator@D@2@@std@@@?$vector@V?$basic_string@DU?$char_traits@D@std@@V?$allocator@D@2@@std@@V?$allocator@V?$basic_string@DU?$char_traits@D@std@@V?$allocator@D@2@@std@@@2@@std@@AAEXPBV?$basic_string@DU?$char_traits@D@std@@V?$allocator@D@2@@1@0Uforward_iterator_tag@1@@Z 10024cf0 f i Hooks.obj
 0001:00023e00       ??$_Traits_compare@U?$char_traits@D@std@@@std@@YAHQBDI0I@Z 10024e00 f i Hooks.obj
 0001:00023e90       ??$_Traits_find@U?$char_traits@D@std@@@std@@YAIQBDII0I@Z 10024e90 f i Hooks.obj
 0001:00023f90       ??$_Try_emplace@ABV?$basic_string@DU?$char_traits@D@std@@V?$allocator@D@2@@std@@$$V@?$unordered_map@V?$basic_string@DU?$char_traits@D@std@@V?$allocator@D@2@@std@@UskinInfo@@U?$hash@V?$basic_string@DU?$char_traits@D@std@@V?$allocator@D@2@@std@@@2@U?$equal_to@V?$basic_string@DU?$char_traits@D@std@@V?$allocator@D@2@@std@@@2@V?$allocator@U?$pair@$$CBV?$basic_string@DU?$char_traits@D@std@@V?$allocator@D@2@@std@@UskinInfo@@@std@@@2@@std@@QAE?AU?$pair@V?$_List_iterator@V?$_List_val@U?$_List_simple_types@U?$pair@$$CBV?$basic_string@DU?$char_traits@D@std@@V?$allocator@D@2@@std@@UskinInfo@@@std@@@std@@@std@@@std@@_N@1@ABV?$basic_string@DU?$char_traits@D@std@@V?$allocator@D@2@@1@@Z 10024f90 f i Hooks.obj
 0001:00024190       ??$_Try_emplace@ABV?$basic_string@DU?$char_traits@D@std@@V?$allocator@D@2@@std@@$$V@?$unordered_map@V?$basic_string@DU?$char_traits@D@std@@V?$allocator@D@2@@std@@V12@U?$hash@V?$basic_string@DU?$char_traits@D@std@@V?$allocator@D@2@@std@@@2@U?$equal_to@V?$basic_string@DU?$char_traits@D@std@@V?$allocator@D@2@@std@@@2@V?$allocator@U?$pair@$$CBV?$basic_string@DU?$char_traits@D@std@@V?$allocator@D@2@@std@@V12@@std@@@2@@std@@QAE?AU?$pair@V?$_List_iterator@V?$_List_val@U?$_List_simple_types@U?$pair@$$CBV?$basic_string@DU?$char_traits@D@std@@V?$allocator@D@2@@std@@V12@@std@@@std@@@std@@@std@@_N@1@ABV?$basic_string@DU?$char_traits@D@std@@V?$allocator@D@2@@1@@Z 10025190 f i Hooks.obj
 0001:00024390       ??$_Try_emplace@ABV?$basic_string@DU?$char_traits@D@std@@V?$allocator@D@2@@std@@$$V@?$unordered_map@V?$basic_string@DU?$char_traits@D@std@@V?$allocator@D@2@@std@@V?$set@V?$basic_string@DU?$char_traits@D@std@@V?$allocator@D@2@@std@@U?$less@V?$basic_string@DU?$char_traits@D@std@@V?$allocator@D@2@@std@@@2@V?$allocator@V?$basic_string@DU?$char_traits@D@std@@V?$allocator@D@2@@std@@@2@@2@U?$hash@V?$basic_string@DU?$char_traits@D@std@@V?$allocator@D@2@@std@@@2@U?$equal_to@V?$basic_string@DU?$char_traits@D@std@@V?$allocator@D@2@@std@@@2@V?$allocator@U?$pair@$$CBV?$basic_string@DU?$char_traits@D@std@@V?$allocator@D@2@@std@@V?$set@V?$basic_string@DU?$char_traits@D@std@@V?$allocator@D@2@@std@@U?$less@V?$basic_string@DU?$char_traits@D@std@@V?$allocator@D@2@@std@@@2@V?$allocator@V?$basic_string@DU?$char_traits@D@std@@V?$allocator@D@2@@std@@@2@@2@@std@@@2@@std@@QAE?AU?$pair@V?$_List_iterator@V?$_List_val@U?$_List_simple_types@U?$pair@$$CBV?$basic_string@DU?$char_traits@D@std@@V?$allocator@D@2@@std@@V?$set@V?$basic_string@DU?$char_traits@D@std@@V?$allocator@D@2@@std@@U?$less@V?$basic_string@DU?$char_traits@D@std@@V?$allocator@D@2@@std@@@2@V?$allocator@V?$basic_string@DU?$char_traits@D@std@@V?$allocator@D@2@@std@@@2@@2@@std@@@std@@@std@@@std@@_N@1@ABV?$basic_string@DU?$char_traits@D@std@@V?$allocator@D@2@@1@@Z 10025390 f i Hooks.obj
 0001:00024590       ??$_Uninit_alloc_fill_n1@PAV?$_List_unchecked_iterator@V?$_List_val@U?$_List_simple_types@U?$pair@$$CBV?$basic_string@DU?$char_traits@D@std@@V?$allocator@D@2@@std@@V12@@std@@@std@@@std@@@std@@IV?$allocator@V?$_List_unchecked_iterator@V?$_List_val@U?$_List_simple_types@U?$pair@$$CBV?$basic_string@DU?$char_traits@D@std@@V?$allocator@D@2@@std@@V12@@std@@@std@@@std@@@std@@@2@@std@@YAPAV?$_List_unchecked_iterator@V?$_List_val@U?$_List_simple_types@U?$pair@$$CBV?$basic_string@DU?$char_traits@D@std@@V?$allocator@D@2@@std@@V12@@std@@@std@@@std@@@0@PAV10@IABV10@AAV?$allocator@V?$_List_unchecked_iterator@V?$_List_val@U?$_List_simple_types@U?$pair@$$CBV?$basic_string@DU?$char_traits@D@std@@V?$allocator@D@2@@std@@V12@@std@@@std@@@std@@@std@@@0@U?$integral_constant@_N$0A@@0@@Z 10025590 f i Configuration.obj
 0001:00024590       ??$_Uninit_alloc_fill_n1@PAV?$_List_unchecked_iterator@V?$_List_val@U?$_List_simple_types@U?$pair@QADPAD@std@@@std@@@std@@@std@@IV?$allocator@V?$_List_unchecked_iterator@V?$_List_val@U?$_List_simple_types@U?$pair@QADPAD@std@@@std@@@std@@@std@@@2@@std@@YAPAV?$_List_unchecked_iterator@V?$_List_val@U?$_List_simple_types@U?$pair@QADPAD@std@@@std@@@std@@@0@PAV10@IABV10@AAV?$allocator@V?$_List_unchecked_iterator@V?$_List_val@U?$_List_simple_types@U?$pair@QADPAD@std@@@std@@@std@@@std@@@0@U?$integral_constant@_N$0A@@0@@Z 10025590 f i Hooks.obj
 0001:00024590       ??$_Uninit_alloc_fill_n1@PAV?$_List_unchecked_iterator@V?$_List_val@U?$_List_simple_types@U?$pair@$$CBV?$basic_string@DU?$char_traits@D@std@@V?$allocator@D@2@@std@@V?$set@V?$basic_string@DU?$char_traits@D@std@@V?$allocator@D@2@@std@@U?$less@V?$basic_string@DU?$char_traits@D@std@@V?$allocator@D@2@@std@@@2@V?$allocator@V?$basic_string@DU?$char_traits@D@std@@V?$allocator@D@2@@std@@@2@@2@@std@@@std@@@std@@@std@@IV?$allocator@V?$_List_unchecked_iterator@V?$_List_val@U?$_List_simple_types@U?$pair@$$CBV?$basic_string@DU?$char_traits@D@std@@V?$allocator@D@2@@std@@V?$set@V?$basic_string@DU?$char_traits@D@std@@V?$allocator@D@2@@std@@U?$less@V?$basic_string@DU?$char_traits@D@std@@V?$allocator@D@2@@std@@@2@V?$allocator@V?$basic_string@DU?$char_traits@D@std@@V?$allocator@D@2@@std@@@2@@2@@std@@@std@@@std@@@std@@@2@@std@@YAPAV?$_List_unchecked_iterator@V?$_List_val@U?$_List_simple_types@U?$pair@$$CBV?$basic_string@DU?$char_traits@D@std@@V?$allocator@D@2@@std@@V?$set@V?$basic_string@DU?$char_traits@D@std@@V?$allocator@D@2@@std@@U?$less@V?$basic_string@DU?$char_traits@D@std@@V?$allocator@D@2@@std@@@2@V?$allocator@V?$basic_string@DU?$char_traits@D@std@@V?$allocator@D@2@@std@@@2@@2@@std@@@std@@@std@@@0@PAV10@IABV10@AAV?$allocator@V?$_List_unchecked_iterator@V?$_List_val@U?$_List_simple_types@U?$pair@$$CBV?$basic_string@DU?$char_traits@D@std@@V?$allocator@D@2@@std@@V?$set@V?$basic_string@DU?$char_traits@D@std@@V?$allocator@D@2@@std@@U?$less@V?$basic_string@DU?$char_traits@D@std@@V?$allocator@D@2@@std@@@2@V?$allocator@V?$basic_string@DU?$char_traits@D@std@@V?$allocator@D@2@@std@@@2@@2@@std@@@std@@@std@@@std@@@0@U?$integral_constant@_N$0A@@0@@Z 10025590 f i Configuration.obj
 0001:00024590       ??$_Uninit_alloc_fill_n1@PAV?$_List_unchecked_iterator@V?$_List_val@U?$_List_simple_types@U?$pair@$$CBV?$basic_string@DU?$char_traits@D@std@@V?$allocator@D@2@@std@@UskinInfo@@@std@@@std@@@std@@@std@@IV?$allocator@V?$_List_unchecked_iterator@V?$_List_val@U?$_List_simple_types@U?$pair@$$CBV?$basic_string@DU?$char_traits@D@std@@V?$allocator@D@2@@std@@UskinInfo@@@std@@@std@@@std@@@std@@@2@@std@@YAPAV?$_List_unchecked_iterator@V?$_List_val@U?$_List_simple_types@U?$pair@$$CBV?$basic_string@DU?$char_traits@D@std@@V?$allocator@D@2@@std@@UskinInfo@@@std@@@std@@@std@@@0@PAV10@IABV10@AAV?$allocator@V?$_List_unchecked_iterator@V?$_List_val@U?$_List_simple_types@U?$pair@$$CBV?$basic_string@DU?$char_traits@D@std@@V?$allocator@D@2@@std@@UskinInfo@@@std@@@std@@@std@@@std@@@0@U?$integral_constant@_N$0A@@0@@Z 10025590 f i Configuration.obj
 0001:000245b0       ??$_Uninitialized_copy_al_unchecked@PBV?$basic_string@DU?$char_traits@D@std@@V?$allocator@D@2@@std@@PAV12@V?$allocator@V?$basic_string@DU?$char_traits@D@std@@V?$allocator@D@2@@std@@@2@@std@@YAPAV?$basic_string@DU?$char_traits@D@std@@V?$allocator@D@2@@0@PBV10@0PAV10@AAV?$allocator@V?$basic_string@DU?$char_traits@D@std@@V?$allocator@D@2@@std@@@0@U_General_ptr_iterator_tag@0@U_Unused_parameter@0@@Z 100255b0 f i Hooks.obj
 0001:00024640       ??$_Uninitialized_move_al_unchecked@PAV?$_List_unchecked_iterator@V?$_List_val@U?$_List_simple_types@U?$pair@$$CBV?$basic_string@DU?$char_traits@D@std@@V?$allocator@D@2@@std@@V12@@std@@@std@@@std@@@std@@PAV12@V?$allocator@V?$_List_unchecked_iterator@V?$_List_val@U?$_List_simple_types@U?$pair@$$CBV?$basic_string@DU?$char_traits@D@std@@V?$allocator@D@2@@std@@V12@@std@@@std@@@std@@@std@@@2@@std@@YAPAV?$_List_unchecked_iterator@V?$_List_val@U?$_List_simple_types@U?$pair@$$CBV?$basic_string@DU?$char_traits@D@std@@V?$allocator@D@2@@std@@V12@@std@@@std@@@std@@@0@PAV10@00AAV?$allocator@V?$_List_unchecked_iterator@V?$_List_val@U?$_List_simple_types@U?$pair@$$CBV?$basic_string@DU?$char_traits@D@std@@V?$allocator@D@2@@std@@V12@@std@@@std@@@std@@@std@@@0@U_General_ptr_iterator_tag@0@U_Unused_parameter@0@@Z 10025640 f i Configuration.obj
 0001:00024640       ??$_Uninitialized_move_al_unchecked@PAV?$_List_unchecked_iterator@V?$_List_val@U?$_List_simple_types@U?$pair@$$CBV?$basic_string@DU?$char_traits@D@std@@V?$allocator@D@2@@std@@V?$set@V?$basic_string@DU?$char_traits@D@std@@V?$allocator@D@2@@std@@U?$less@V?$basic_string@DU?$char_traits@D@std@@V?$allocator@D@2@@std@@@2@V?$allocator@V?$basic_string@DU?$char_traits@D@std@@V?$allocator@D@2@@std@@@2@@2@@std@@@std@@@std@@@std@@PAV12@V?$allocator@V?$_List_unchecked_iterator@V?$_List_val@U?$_List_simple_types@U?$pair@$$CBV?$basic_string@DU?$char_traits@D@std@@V?$allocator@D@2@@std@@V?$set@V?$basic_string@DU?$char_traits@D@std@@V?$allocator@D@2@@std@@U?$less@V?$basic_string@DU?$char_traits@D@std@@V?$allocator@D@2@@std@@@2@V?$allocator@V?$basic_string@DU?$char_traits@D@std@@V?$allocator@D@2@@std@@@2@@2@@std@@@std@@@std@@@std@@@2@@std@@YAPAV?$_List_unchecked_iterator@V?$_List_val@U?$_List_simple_types@U?$pair@$$CBV?$basic_string@DU?$char_traits@D@std@@V?$allocator@D@2@@std@@V?$set@V?$basic_string@DU?$char_traits@D@std@@V?$allocator@D@2@@std@@U?$less@V?$basic_string@DU?$char_traits@D@std@@V?$allocator@D@2@@std@@@2@V?$allocator@V?$basic_string@DU?$char_traits@D@std@@V?$allocator@D@2@@std@@@2@@2@@std@@@std@@@std@@@0@PAV10@00AAV?$allocator@V?$_List_unchecked_iterator@V?$_List_val@U?$_List_simple_types@U?$pair@$$CBV?$basic_string@DU?$char_traits@D@std@@V?$allocator@D@2@@std@@V?$set@V?$basic_string@DU?$char_traits@D@std@@V?$allocator@D@2@@std@@U?$less@V?$basic_string@DU?$char_traits@D@std@@V?$allocator@D@2@@std@@@2@V?$allocator@V?$basic_string@DU?$char_traits@D@std@@V?$allocator@D@2@@std@@@2@@2@@std@@@std@@@std@@@std@@@0@U_General_ptr_iterator_tag@0@U_Unused_parameter@0@@Z 10025640 f i Configuration.obj
 0001:00024640       ??$_Uninitialized_move_al_unchecked@PAV?$_List_unchecked_iterator@V?$_List_val@U?$_List_simple_types@U?$pair@QADPAD@std@@@std@@@std@@@std@@PAV12@V?$allocator@V?$_List_unchecked_iterator@V?$_List_val@U?$_List_simple_types@U?$pair@QADPAD@std@@@std@@@std@@@std@@@2@@std@@YAPAV?$_List_unchecked_iterator@V?$_List_val@U?$_List_simple_types@U?$pair@QADPAD@std@@@std@@@std@@@0@PAV10@00AAV?$allocator@V?$_List_unchecked_iterator@V?$_List_val@U?$_List_simple_types@U?$pair@QADPAD@std@@@std@@@std@@@std@@@0@U_General_ptr_iterator_tag@0@U_Unused_parameter@0@@Z 10025640 f i Hooks.obj
 0001:00024640       ??$_Uninitialized_move_al_unchecked@PAV?$_List_unchecked_iterator@V?$_List_val@U?$_List_simple_types@U?$pair@$$CBV?$basic_string@DU?$char_traits@D@std@@V?$allocator@D@2@@std@@UskinInfo@@@std@@@std@@@std@@@std@@PAV12@V?$allocator@V?$_List_unchecked_iterator@V?$_List_val@U?$_List_simple_types@U?$pair@$$CBV?$basic_string@DU?$char_traits@D@std@@V?$allocator@D@2@@std@@UskinInfo@@@std@@@std@@@std@@@std@@@2@@std@@YAPAV?$_List_unchecked_iterator@V?$_List_val@U?$_List_simple_types@U?$pair@$$CBV?$basic_string@DU?$char_traits@D@std@@V?$allocator@D@2@@std@@UskinInfo@@@std@@@std@@@std@@@0@PAV10@00AAV?$allocator@V?$_List_unchecked_iterator@V?$_List_val@U?$_List_simple_types@U?$pair@$$CBV?$basic_string@DU?$char_traits@D@std@@V?$allocator@D@2@@std@@UskinInfo@@@std@@@std@@@std@@@std@@@0@U_General_ptr_iterator_tag@0@U_Unused_parameter@0@@Z 10025640 f i Configuration.obj
 0001:00024680       ??$erase@V?$_List_iterator@V?$_List_val@U?$_List_simple_types@U?$pair@$$CBV?$basic_string@DU?$char_traits@D@std@@V?$allocator@D@2@@std@@UskinInfo@@@std@@@std@@@std@@@std@@X@?$_Hash@V?$_Umap_traits@V?$basic_string@DU?$char_traits@D@std@@V?$allocator@D@2@@std@@UskinInfo@@V?$_Uhash_compare@V?$basic_string@DU?$char_traits@D@std@@V?$allocator@D@2@@std@@U?$hash@V?$basic_string@DU?$char_traits@D@std@@V?$allocator@D@2@@std@@@2@U?$equal_to@V?$basic_string@DU?$char_traits@D@std@@V?$allocator@D@2@@std@@@2@@2@V?$allocator@U?$pair@$$CBV?$basic_string@DU?$char_traits@D@std@@V?$allocator@D@2@@std@@UskinInfo@@@std@@@2@$0A@@std@@@std@@QAE?AV?$_List_iterator@V?$_List_val@U?$_List_simple_types@U?$pair@$$CBV?$basic_string@DU?$char_traits@D@std@@V?$allocator@D@2@@std@@UskinInfo@@@std@@@std@@@std@@@1@V21@@Z 10025680 f i Hooks.obj
 0001:00024730       ??$erase@V?$_List_iterator@V?$_List_val@U?$_List_simple_types@U?$pair@$$CBV?$basic_string@DU?$char_traits@D@std@@V?$allocator@D@2@@std@@V12@@std@@@std@@@std@@@std@@X@?$_Hash@V?$_Umap_traits@V?$basic_string@DU?$char_traits@D@std@@V?$allocator@D@2@@std@@V12@V?$_Uhash_compare@V?$basic_string@DU?$char_traits@D@std@@V?$allocator@D@2@@std@@U?$hash@V?$basic_string@DU?$char_traits@D@std@@V?$allocator@D@2@@std@@@2@U?$equal_to@V?$basic_string@DU?$char_traits@D@std@@V?$allocator@D@2@@std@@@2@@2@V?$allocator@U?$pair@$$CBV?$basic_string@DU?$char_traits@D@std@@V?$allocator@D@2@@std@@V12@@std@@@2@$0A@@std@@@std@@QAE?AV?$_List_iterator@V?$_List_val@U?$_List_simple_types@U?$pair@$$CBV?$basic_string@DU?$char_traits@D@std@@V?$allocator@D@2@@std@@V12@@std@@@std@@@std@@@1@V21@@Z 10025730 f i Hooks.obj
 0001:000247e0       ??$erase@V?$_List_iterator@V?$_List_val@U?$_List_simple_types@U?$pair@$$CBV?$basic_string@DU?$char_traits@D@std@@V?$allocator@D@2@@std@@V?$set@V?$basic_string@DU?$char_traits@D@std@@V?$allocator@D@2@@std@@U?$less@V?$basic_string@DU?$char_traits@D@std@@V?$allocator@D@2@@std@@@2@V?$allocator@V?$basic_string@DU?$char_traits@D@std@@V?$allocator@D@2@@std@@@2@@2@@std@@@std@@@std@@@std@@X@?$_Hash@V?$_Umap_traits@V?$basic_string@DU?$char_traits@D@std@@V?$allocator@D@2@@std@@V?$set@V?$basic_string@DU?$char_traits@D@std@@V?$allocator@D@2@@std@@U?$less@V?$basic_string@DU?$char_traits@D@std@@V?$allocator@D@2@@std@@@2@V?$allocator@V?$basic_string@DU?$char_traits@D@std@@V?$allocator@D@2@@std@@@2@@2@V?$_Uhash_compare@V?$basic_string@DU?$char_traits@D@std@@V?$allocator@D@2@@std@@U?$hash@V?$basic_string@DU?$char_traits@D@std@@V?$allocator@D@2@@std@@@2@U?$equal_to@V?$basic_string@DU?$char_traits@D@std@@V?$allocator@D@2@@std@@@2@@2@V?$allocator@U?$pair@$$CBV?$basic_string@DU?$char_traits@D@std@@V?$allocator@D@2@@std@@V?$set@V?$basic_string@DU?$char_traits@D@std@@V?$allocator@D@2@@std@@U?$less@V?$basic_string@DU?$char_traits@D@std@@V?$allocator@D@2@@std@@@2@V?$allocator@V?$basic_string@DU?$char_traits@D@std@@V?$allocator@D@2@@std@@@2@@2@@std@@@2@$0A@@std@@@std@@QAE?AV?$_List_iterator@V?$_List_val@U?$_List_simple_types@U?$pair@$$CBV?$basic_string@DU?$char_traits@D@std@@V?$allocator@D@2@@std@@V?$set@V?$basic_string@DU?$char_traits@D@std@@V?$allocator@D@2@@std@@U?$less@V?$basic_string@DU?$char_traits@D@std@@V?$allocator@D@2@@std@@@2@V?$allocator@V?$basic_string@DU?$char_traits@D@std@@V?$allocator@D@2@@std@@@2@@2@@std@@@std@@@std@@@1@V21@@Z 100257e0 f i Hooks.obj
 0001:00024890       ??$transform@V?$_String_iterator@V?$_String_val@U?$_Simple_types@D@std@@@std@@@std@@V12@P6AGG@Z@std@@YA?AV?$_String_iterator@V?$_String_val@U?$_Simple_types@D@std@@@std@@@0@V10@00P6AGG@Z@Z 10025890 f i Hooks.obj
 0001:000248e0       ??0?$basic_string@DU?$char_traits@D@std@@V?$allocator@D@2@@std@@QAE@XZ 100258e0 f i Hooks.obj
 0001:00024900       ??0exception@std@@QAE@ABV01@@Z 10025900 f i Hooks.obj
 0001:00024930       ??0runtime_error@std@@QAE@ABV01@@Z 10025930 f i Hooks.obj
 0001:00024970       ??0runtime_error@std@@QAE@PBD@Z 10025970 f i Hooks.obj
 0001:000249c0       ??1?$deque@V?$shared_ptr@VNode@valve_parser@@@std@@V?$allocator@V?$shared_ptr@VNode@valve_parser@@@std@@@2@@std@@QAE@XZ 100259c0 f i Hooks.obj
 0001:00024ab0       ??1?$list@U?$pair@QADPAD@std@@V?$allocator@U?$pair@QADPAD@std@@@2@@std@@QAE@XZ 10025ab0 f i Hooks.obj
 0001:00024af0       ??1?$pair@$$CBV?$basic_string@DU?$char_traits@D@std@@V?$allocator@D@2@@std@@UskinInfo@@@std@@QAE@XZ 10025af0 f i Hooks.obj
 0001:00024b90       ??1?$pair@$$CBV?$basic_string@DU?$char_traits@D@std@@V?$allocator@D@2@@std@@V12@@std@@QAE@XZ 10025b90 f i Hooks.obj
 0001:00024c30       ??1?$pair@$$CBV?$basic_string@DU?$char_traits@D@std@@V?$allocator@D@2@@std@@V?$set@V?$basic_string@DU?$char_traits@D@std@@V?$allocator@D@2@@std@@U?$less@V?$basic_string@DU?$char_traits@D@std@@V?$allocator@D@2@@std@@@2@V?$allocator@V?$basic_string@DU?$char_traits@D@std@@V?$allocator@D@2@@std@@@2@@2@@std@@QAE@XZ 10025c30 f i Hooks.obj
 0001:00024d00       ??1Document@valve_parser@@QAE@XZ 10025d00 f i Hooks.obj
 0001:00024d50       ??1skinInfo@@QAE@XZ        10025d50 f i Hooks.obj
 0001:00024db0       ??3@YAXPAX0@Z              10025db0 f i Hooks.obj
 0001:00024db0       ?_Orphan_all@?$_String_alloc@U?$_String_base_types@DV?$allocator@D@std@@@std@@@std@@QAEXXZ 10025db0 f i Misc.obj
 0001:00024db0       ?_Unlock@?$basic_streambuf@DU?$char_traits@D@std@@@std@@UAEXXZ 10025db0 f i Utilities.obj
 0001:00024db0       ??3@YAXPAXUImPlacementNewDummy@@0@Z 10025db0 f i imgui.obj
 0001:00024db0       ??1legitbot@@QAE@XZ        10025db0 f i Hooks.obj
 0001:00024db0       ??1misc@@QAE@XZ            10025db0 f i Hooks.obj
 0001:00024db0       ??1?$_String_alloc@U?$_String_base_types@DV?$allocator@D@std@@@std@@@std@@QAE@XZ 10025db0 f i Misc.obj
 0001:00024db0       ??1visuals@@QAE@XZ         10025db0 f i Hooks.obj
 0001:00024db0       ?_Lock@?$basic_streambuf@DU?$char_traits@D@std@@@std@@UAEXXZ 10025db0 f i Utilities.obj
 0001:00024db0       @_guard_check_icall_nop@4  10025db0 f i LIBCMT:guard_support.obj
 0001:00024db0       ??1ragebot@@QAE@XZ         10025db0 f i Hooks.obj
 0001:00024dc0       ??4?$basic_string@DU?$char_traits@D@std@@V?$allocator@D@2@@std@@QAEAAV01@QBD@Z 10025dc0 f i Hooks.obj
 0001:00024dc0       ?assign@?$basic_string@DU?$char_traits@D@std@@V?$allocator@D@2@@std@@QAEAAV12@QBD@Z 10025dc0 f i Configuration.obj
 0001:00024df0       ??A?$unordered_map@V?$basic_string@DU?$char_traits@D@std@@V?$allocator@D@2@@std@@UskinInfo@@U?$hash@V?$basic_string@DU?$char_traits@D@std@@V?$allocator@D@2@@std@@@2@U?$equal_to@V?$basic_string@DU?$char_traits@D@std@@V?$allocator@D@2@@std@@@2@V?$allocator@U?$pair@$$CBV?$basic_string@DU?$char_traits@D@std@@V?$allocator@D@2@@std@@UskinInfo@@@std@@@2@@std@@QAEAAUskinInfo@@ABV?$basic_string@DU?$char_traits@D@std@@V?$allocator@D@2@@1@@Z 10025df0 f i Hooks.obj
 0001:00024e10       ??A?$unordered_map@V?$basic_string@DU?$char_traits@D@std@@V?$allocator@D@2@@std@@V12@U?$hash@V?$basic_string@DU?$char_traits@D@std@@V?$allocator@D@2@@std@@@2@U?$equal_to@V?$basic_string@DU?$char_traits@D@std@@V?$allocator@D@2@@std@@@2@V?$allocator@U?$pair@$$CBV?$basic_string@DU?$char_traits@D@std@@V?$allocator@D@2@@std@@V12@@std@@@2@@std@@QAEAAV?$basic_string@DU?$char_traits@D@std@@V?$allocator@D@2@@1@ABV21@@Z 10025e10 f i Hooks.obj
 0001:00024e30       ??A?$unordered_map@V?$basic_string@DU?$char_traits@D@std@@V?$allocator@D@2@@std@@V?$set@V?$basic_string@DU?$char_traits@D@std@@V?$allocator@D@2@@std@@U?$less@V?$basic_string@DU?$char_traits@D@std@@V?$allocator@D@2@@std@@@2@V?$allocator@V?$basic_string@DU?$char_traits@D@std@@V?$allocator@D@2@@std@@@2@@2@U?$hash@V?$basic_string@DU?$char_traits@D@std@@V?$allocator@D@2@@std@@@2@U?$equal_to@V?$basic_string@DU?$char_traits@D@std@@V?$allocator@D@2@@std@@@2@V?$allocator@U?$pair@$$CBV?$basic_string@DU?$char_traits@D@std@@V?$allocator@D@2@@std@@V?$set@V?$basic_string@DU?$char_traits@D@std@@V?$allocator@D@2@@std@@U?$less@V?$basic_string@DU?$char_traits@D@std@@V?$allocator@D@2@@std@@@2@V?$allocator@V?$basic_string@DU?$char_traits@D@std@@V?$allocator@D@2@@std@@@2@@2@@std@@@2@@std@@QAEAAV?$set@V?$basic_string@DU?$char_traits@D@std@@V?$allocator@D@2@@std@@U?$less@V?$basic_string@DU?$char_traits@D@std@@V?$allocator@D@2@@std@@@2@V?$allocator@V?$basic_string@DU?$char_traits@D@std@@V?$allocator@D@2@@std@@@2@@1@ABV?$basic_string@DU?$char_traits@D@std@@V?$allocator@D@2@@1@@Z 10025e30 f i Hooks.obj
 0001:00024e50       ??_E?$_Ref_count_obj@VNode@valve_parser@@@std@@UAEPAXI@Z 10025e50 f i Hooks.obj
 0001:00024e50       ??_G?$_Ref_count_obj@VNode@valve_parser@@@std@@UAEPAXI@Z 10025e50 f i Hooks.obj
 0001:00024e80       ??_GIGameEventListener2@@UAEPAXI@Z 10025e80 f i Hooks.obj
 0001:00024e80       ??_Eitem_purchase_listener@item_purchase@@UAEPAXI@Z 10025e80 f i Hooks.obj
 0001:00024e80       ??_EIGameEventListener2@@UAEPAXI@Z 10025e80 f i Hooks.obj
 0001:00024e80       ??_Gitem_purchase_listener@item_purchase@@UAEPAXI@Z 10025e80 f i Hooks.obj
 0001:00024eb0       ??_Eexception@std@@UAEPAXI@Z 10025eb0 f i Hooks.obj
 0001:00024eb0       ??_Gexception@std@@UAEPAXI@Z 10025eb0 f i Hooks.obj
 0001:00024eb0       ??_Eruntime_error@std@@UAEPAXI@Z 10025eb0 f i Hooks.obj
 0001:00024eb0       ??_Gruntime_error@std@@UAEPAXI@Z 10025eb0 f i Hooks.obj
 0001:00024ee0       ?AddLog@AppLog@@QAAXPBDZZ  10025ee0 f i Hooks.obj
 0001:00024fb0       ?BreadthFirstSearch@Document@valve_parser@@QAE?AV?$shared_ptr@VNode@valve_parser@@@std@@PAD_N@Z 10025fb0 f i Hooks.obj
 0001:000253e0       ?BreadthFirstSearchMultiple@Document@valve_parser@@QAE?AV?$vector@V?$shared_ptr@VNode@valve_parser@@@std@@V?$allocator@V?$shared_ptr@VNode@valve_parser@@@std@@@2@@std@@PAD_N@Z 100263e0 f i Hooks.obj
 0001:00025ae0       ?CHLCreateMove@@YGXHM_NAA_N@Z 10026ae0 f   Hooks.obj
 0001:00026480       ?ClientCmd_Unrestricted@IVEngineClient@@QAEXPBD@Z 10027480 f i Hooks.obj
 0001:000264a0       ?Contains@@YA_NABV?$basic_string@DU?$char_traits@D@std@@V?$allocator@D@2@@std@@0@Z 100274a0 f   Hooks.obj
 0001:000264f0       ?FireGameEvent@item_purchase_listener@item_purchase@@UAEXPAVIGameEvent@@@Z 100274f0 f i Hooks.obj
 0001:00026510       ?FullUpdate@@YAXXZ         10027510 f   Hooks.obj
 0001:000265d0       ?GetChecksum@CUserCmd@CInput@@QBEKXZ 100275d0 f i Hooks.obj
 0001:000279e0       ?GetCurrentKnifeModel@@YAHH@Z 100289e0 f   Hooks.obj
 0001:00027b10       ?GetCurrentMaterial@@YAPAVIMaterial@@H@Z 10028b10 f   Hooks.obj
 0001:00027b90       ?GetEventDebugID@item_purchase_listener@item_purchase@@UAEHXZ 10028b90 f i Hooks.obj
 0001:00027ba0       ?GetGloveSkinByMenu@@YAHHH@Z 10028ba0 f   Hooks.obj
 0001:00027d40       ?GetKnifeDefinitionIndex@@YAHH@Z 10028d40 f   Hooks.obj
 0001:00027dd0       ?GloveChanger@@YAXXZ       10028dd0 f   Hooks.obj
 0001:00028560       ?Load@Document@valve_parser@@QAE_NPADW4ENCODING@2@@Z 10029560 f i Hooks.obj
 0001:00028a80       ?ParseSkins@@YAHXZ         10029a80 f   Hooks.obj
 0001:00029d90       ?RenderDefault@@YAXPAUIDirect3DDevice9@@@Z 1002ad90 f   Hooks.obj
 0001:0002a220       ?RenderInterface@@YAXXZ    1002b220 f   Hooks.obj
 0001:00031c90       ?Resolver3@@YAXXZ          10032c90 f   Hooks.obj
 0001:00032170       ?SkinChanger@@YAXXZ        10033170 f   Hooks.obj
 0001:00032340       ?StrEqu@Util@valve_parser@@SA_NVStr@2@PAD@Z 10033340 f i Hooks.obj
 0001:00032490       ?StrEquI@Util@valve_parser@@SA_NVStr@2@PAD@Z 10033490 f i Hooks.obj
 0001:00032530       ?ToLower@@YA?AV?$basic_string@DU?$char_traits@D@std@@V?$allocator@D@2@@std@@V12@@Z 10033530 f   Hooks.obj
 0001:00032600       ?_Buyheadnode@?$_Tree_comp_alloc@V?$_Tset_traits@V?$basic_string@DU?$char_traits@D@std@@V?$allocator@D@2@@std@@U?$less@V?$basic_string@DU?$char_traits@D@std@@V?$allocator@D@2@@std@@@2@V?$allocator@V?$basic_string@DU?$char_traits@D@std@@V?$allocator@D@2@@std@@@2@$0A@@std@@@std@@QAEPAU?$_Tree_node@V?$basic_string@DU?$char_traits@D@std@@V?$allocator@D@2@@std@@PAX@2@XZ 10033600 f i Hooks.obj
 0001:00032630       ?_Buynode0@?$_List_alloc@U?$_List_base_types@U?$pair@QADPAD@std@@V?$allocator@U?$pair@QADPAD@std@@@2@@std@@@std@@QAEPAU?$_List_node@U?$pair@QADPAD@std@@PAX@2@PAU32@0@Z 10033630 f i Hooks.obj
 0001:00032670       ?_Buynode0@?$_Tree_comp_alloc@V?$_Tset_traits@V?$basic_string@DU?$char_traits@D@std@@V?$allocator@D@2@@std@@U?$less@V?$basic_string@DU?$char_traits@D@std@@V?$allocator@D@2@@std@@@2@V?$allocator@V?$basic_string@DU?$char_traits@D@std@@V?$allocator@D@2@@std@@@2@$0A@@std@@@std@@QAEPAU?$_Tree_node@V?$basic_string@DU?$char_traits@D@std@@V?$allocator@D@2@@std@@PAX@2@XZ 10033670 f i Hooks.obj
 0001:000326a0       ?_Growmap@?$deque@V?$shared_ptr@VNode@valve_parser@@@std@@V?$allocator@V?$shared_ptr@VNode@valve_parser@@@std@@@2@@std@@IAEXI@Z 100336a0 f i Hooks.obj
 0001:00032840       ?_Lrotate@?$_Tree@V?$_Tset_traits@V?$basic_string@DU?$char_traits@D@std@@V?$allocator@D@2@@std@@U?$less@V?$basic_string@DU?$char_traits@D@std@@V?$allocator@D@2@@std@@@2@V?$allocator@V?$basic_string@DU?$char_traits@D@std@@V?$allocator@D@2@@std@@@2@$0A@@std@@@std@@IAEXPAU?$_Tree_node@V?$basic_string@DU?$char_traits@D@std@@V?$allocator@D@2@@std@@PAX@2@@Z 10033840 f i Hooks.obj
 0001:00032840       ?_Lrotate@?$_Tree@V?$_Tmap_traits@W4ItemDefinitionIndexx@@UDefItem_t@@U?$less@W4ItemDefinitionIndexx@@@std@@V?$allocator@U?$pair@$$CBW4ItemDefinitionIndexx@@UDefItem_t@@@std@@@4@$0A@@std@@@std@@IAEXPAU?$_Tree_node@U?$pair@$$CBW4ItemDefinitionIndexx@@UDefItem_t@@@std@@PAX@2@@Z 10033840 f i recvproxy.obj
 0001:000328a0       ?_Make_iter@?$_Hash@V?$_Umap_traits@V?$basic_string@DU?$char_traits@D@std@@V?$allocator@D@2@@std@@V12@V?$_Uhash_compare@V?$basic_string@DU?$char_traits@D@std@@V?$allocator@D@2@@std@@U?$hash@V?$basic_string@DU?$char_traits@D@std@@V?$allocator@D@2@@std@@@2@U?$equal_to@V?$basic_string@DU?$char_traits@D@std@@V?$allocator@D@2@@std@@@2@@2@V?$allocator@U?$pair@$$CBV?$basic_string@DU?$char_traits@D@std@@V?$allocator@D@2@@std@@V12@@std@@@2@$0A@@std@@@std@@QBE?AV?$_List_iterator@V?$_List_val@U?$_List_simple_types@U?$pair@$$CBV?$basic_string@DU?$char_traits@D@std@@V?$allocator@D@2@@std@@V12@@std@@@std@@@std@@@2@V?$_List_unchecked_const_iterator@V?$_List_val@U?$_List_simple_types@U?$pair@$$CBV?$basic_string@DU?$char_traits@D@std@@V?$allocator@D@2@@std@@V12@@std@@@std@@@std@@U_Iterator_base0@2@@2@@Z 100338a0 f i Hooks.obj
 0001:000328a0       ?_Make_iter@?$_Hash@V?$_Umap_traits@V?$basic_string@DU?$char_traits@D@std@@V?$allocator@D@2@@std@@V?$set@V?$basic_string@DU?$char_traits@D@std@@V?$allocator@D@2@@std@@U?$less@V?$basic_string@DU?$char_traits@D@std@@V?$allocator@D@2@@std@@@2@V?$allocator@V?$basic_string@DU?$char_traits@D@std@@V?$allocator@D@2@@std@@@2@@2@V?$_Uhash_compare@V?$basic_string@DU?$char_traits@D@std@@V?$allocator@D@2@@std@@U?$hash@V?$basic_string@DU?$char_traits@D@std@@V?$allocator@D@2@@std@@@2@U?$equal_to@V?$basic_string@DU?$char_traits@D@std@@V?$allocator@D@2@@std@@@2@@2@V?$allocator@U?$pair@$$CBV?$basic_string@DU?$char_traits@D@std@@V?$allocator@D@2@@std@@V?$set@V?$basic_string@DU?$char_traits@D@std@@V?$allocator@D@2@@std@@U?$less@V?$basic_string@DU?$char_traits@D@std@@V?$allocator@D@2@@std@@@2@V?$allocator@V?$basic_string@DU?$char_traits@D@std@@V?$allocator@D@2@@std@@@2@@2@@std@@@2@$0A@@std@@@std@@QBE?AV?$_List_iterator@V?$_List_val@U?$_List_simple_types@U?$pair@$$CBV?$basic_string@DU?$char_traits@D@std@@V?$allocator@D@2@@std@@V?$set@V?$basic_string@DU?$char_traits@D@std@@V?$allocator@D@2@@std@@U?$less@V?$basic_string@DU?$char_traits@D@std@@V?$allocator@D@2@@std@@@2@V?$allocator@V?$basic_string@DU?$char_traits@D@std@@V?$allocator@D@2@@std@@@2@@2@@std@@@std@@@std@@@2@V?$_List_unchecked_const_iterator@V?$_List_val@U?$_List_simple_types@U?$pair@$$CBV?$basic_string@DU?$char_traits@D@std@@V?$allocator@D@2@@std@@V?$set@V?$basic_string@DU?$char_traits@D@std@@V?$allocator@D@2@@std@@U?$less@V?$basic_string@DU?$char_traits@D@std@@V?$allocator@D@2@@std@@@2@V?$allocator@V?$basic_string@DU?$char_traits@D@std@@V?$allocator@D@2@@std@@@2@@2@@std@@@std@@@std@@U_Iterator_base0@2@@2@@Z 100338a0 f i Hooks.obj
 0001:000328a0       ?_Make_iter@?$_Hash@V?$_Umap_traits@V?$basic_string@DU?$char_traits@D@std@@V?$allocator@D@2@@std@@UskinInfo@@V?$_Uhash_compare@V?$basic_string@DU?$char_traits@D@std@@V?$allocator@D@2@@std@@U?$hash@V?$basic_string@DU?$char_traits@D@std@@V?$allocator@D@2@@std@@@2@U?$equal_to@V?$basic_string@DU?$char_traits@D@std@@V?$allocator@D@2@@std@@@2@@2@V?$allocator@U?$pair@$$CBV?$basic_string@DU?$char_traits@D@std@@V?$allocator@D@2@@std@@UskinInfo@@@std@@@2@$0A@@std@@@std@@QBE?AV?$_List_iterator@V?$_List_val@U?$_List_simple_types@U?$pair@$$CBV?$basic_string@DU?$char_traits@D@std@@V?$allocator@D@2@@std@@UskinInfo@@@std@@@std@@@std@@@2@V?$_List_unchecked_const_iterator@V?$_List_val@U?$_List_simple_types@U?$pair@$$CBV?$basic_string@DU?$char_traits@D@std@@V?$allocator@D@2@@std@@UskinInfo@@@std@@@std@@@std@@U_Iterator_base0@2@@2@@Z 100338a0 f i Hooks.obj
 0001:000328b0       ?_Reallocate_exactly@?$vector@V?$_List_unchecked_iterator@V?$_List_val@U?$_List_simple_types@U?$pair@QADPAD@std@@@std@@@std@@@std@@V?$allocator@V?$_List_unchecked_iterator@V?$_List_val@U?$_List_simple_types@U?$pair@QADPAD@std@@@std@@@std@@@std@@@2@@std@@AAEXI@Z 100338b0 f i Hooks.obj
 0001:000328b0       ?_Reallocate_exactly@?$vector@V?$_List_unchecked_iterator@V?$_List_val@U?$_List_simple_types@U?$pair@$$CBV?$basic_string@DU?$char_traits@D@std@@V?$allocator@D@2@@std@@UskinInfo@@@std@@@std@@@std@@@std@@V?$allocator@V?$_List_unchecked_iterator@V?$_List_val@U?$_List_simple_types@U?$pair@$$CBV?$basic_string@DU?$char_traits@D@std@@V?$allocator@D@2@@std@@UskinInfo@@@std@@@std@@@std@@@std@@@2@@std@@AAEXI@Z 100338b0 f i Configuration.obj
 0001:000328b0       ?_Reallocate_exactly@?$vector@V?$_List_unchecked_iterator@V?$_List_val@U?$_List_simple_types@U?$pair@$$CBV?$basic_string@DU?$char_traits@D@std@@V?$allocator@D@2@@std@@V12@@std@@@std@@@std@@@std@@V?$allocator@V?$_List_unchecked_iterator@V?$_List_val@U?$_List_simple_types@U?$pair@$$CBV?$basic_string@DU?$char_traits@D@std@@V?$allocator@D@2@@std@@V12@@std@@@std@@@std@@@std@@@2@@std@@AAEXI@Z 100338b0 f i Configuration.obj
 0001:000328b0       ?_Reallocate_exactly@?$vector@V?$_List_unchecked_iterator@V?$_List_val@U?$_List_simple_types@U?$pair@$$CBV?$basic_string@DU?$char_traits@D@std@@V?$allocator@D@2@@std@@V?$set@V?$basic_string@DU?$char_traits@D@std@@V?$allocator@D@2@@std@@U?$less@V?$basic_string@DU?$char_traits@D@std@@V?$allocator@D@2@@std@@@2@V?$allocator@V?$basic_string@DU?$char_traits@D@std@@V?$allocator@D@2@@std@@@2@@2@@std@@@std@@@std@@@std@@V?$allocator@V?$_List_unchecked_iterator@V?$_List_val@U?$_List_simple_types@U?$pair@$$CBV?$basic_string@DU?$char_traits@D@std@@V?$allocator@D@2@@std@@V?$set@V?$basic_string@DU?$char_traits@D@std@@V?$allocator@D@2@@std@@U?$less@V?$basic_string@DU?$char_traits@D@std@@V?$allocator@D@2@@std@@@2@V?$allocator@V?$basic_string@DU?$char_traits@D@std@@V?$allocator@D@2@@std@@@2@@2@@std@@@std@@@std@@@std@@@2@@std@@AAEXI@Z 100338b0 f i Configuration.obj
 0001:000329a0       ?_Tidy@?$vector@V?$basic_string@DU?$char_traits@D@std@@V?$allocator@D@2@@std@@V?$allocator@V?$basic_string@DU?$char_traits@D@std@@V?$allocator@D@2@@std@@@2@@std@@AAEXXZ 100339a0 f i Hooks.obj
 0001:00032a30       ?_Xlen@?$deque@V?$shared_ptr@VNode@valve_parser@@@std@@V?$allocator@V?$shared_ptr@VNode@valve_parser@@@std@@@2@@std@@IBEXXZ 10033a30 f i Hooks.obj
 0001:00032a40       ?allocate@?$allocator@V?$_List_unchecked_iterator@V?$_List_val@U?$_List_simple_types@U?$pair@$$CBV?$basic_string@DU?$char_traits@D@std@@V?$allocator@D@2@@std@@V?$set@V?$basic_string@DU?$char_traits@D@std@@V?$allocator@D@2@@std@@U?$less@V?$basic_string@DU?$char_traits@D@std@@V?$allocator@D@2@@std@@@2@V?$allocator@V?$basic_string@DU?$char_traits@D@std@@V?$allocator@D@2@@std@@@2@@2@@std@@@std@@@std@@@std@@@std@@QAEPAV?$_List_unchecked_iterator@V?$_List_val@U?$_List_simple_types@U?$pair@$$CBV?$basic_string@DU?$char_traits@D@std@@V?$allocator@D@2@@std@@V?$set@V?$basic_string@DU?$char_traits@D@std@@V?$allocator@D@2@@std@@U?$less@V?$basic_string@DU?$char_traits@D@std@@V?$allocator@D@2@@std@@@2@V?$allocator@V?$basic_string@DU?$char_traits@D@std@@V?$allocator@D@2@@std@@@2@@2@@std@@@std@@@std@@@2@I@Z 10033a40 f i Configuration.obj
 0001:00032a40       ?allocate@?$allocator@H@std@@QAEPAHI@Z 10033a40 f i RageBot.obj
 0001:00032a40       ?allocate@?$allocator@V?$_List_unchecked_iterator@V?$_List_val@U?$_List_simple_types@U?$pair@$$CBV?$basic_string@DU?$char_traits@D@std@@V?$allocator@D@2@@std@@V12@@std@@@std@@@std@@@std@@@std@@QAEPAV?$_List_unchecked_iterator@V?$_List_val@U?$_List_simple_types@U?$pair@$$CBV?$basic_string@DU?$char_traits@D@std@@V?$allocator@D@2@@std@@V12@@std@@@std@@@std@@@2@I@Z 10033a40 f i Configuration.obj
 0001:00032a40       ?allocate@?$allocator@V?$_List_unchecked_iterator@V?$_List_val@U?$_List_simple_types@U?$pair@QADPAD@std@@@std@@@std@@@std@@@std@@QAEPAV?$_List_unchecked_iterator@V?$_List_val@U?$_List_simple_types@U?$pair@QADPAD@std@@@std@@@std@@@2@I@Z 10033a40 f i Hooks.obj
 0001:00032a40       ?allocate@?$allocator@V?$_List_unchecked_iterator@V?$_List_val@U?$_List_simple_types@U?$pair@$$CBV?$basic_string@DU?$char_traits@D@std@@V?$allocator@D@2@@std@@UskinInfo@@@std@@@std@@@std@@@std@@@std@@QAEPAV?$_List_unchecked_iterator@V?$_List_val@U?$_List_simple_types@U?$pair@$$CBV?$basic_string@DU?$char_traits@D@std@@V?$allocator@D@2@@std@@UskinInfo@@@std@@@std@@@std@@@2@I@Z 10033a40 f i Configuration.obj
[...]
 0003:004c13b0       ?$TSS0@?1??FullUpdate@@YAXXZ@4HA 105753b0     Hooks.obj
 0003:004c13b4       ?filterWeapons@?LF@??RenderInterface@@YAXXZ@4PADA 105753b4     Hooks.obj
 0003:004c13d4       ?filterSkins@?LF@??RenderInterface@@YAXXZ@4PADA 105753d4     Hooks.obj
 0003:004c13f4       ?mouse_enabled@?1??hkPresent@@YGJPAUIDirect3DDevice9@@PAUtagRECT@@1PAUHWND__@@PAU_RGNDATA@@@Z@4_NA 105753f4     Hooks.obj
 0003:004c13f8       ?ofunc@?1??hkPlaySound@@YGXPBD@Z@4P6EXPAX0@ZA 105753f8     Hooks.obj
 0003:004c13fc       ?$TSS0@?1??hkPlaySound@@YGXPBD@Z@4HA 105753fc     Hooks.obj
 0003:004c1400       ?CServerConfirmedReservationCheckCallback__IsReady@?6??hkPlaySound@@YGXPBD@Z@4P6AXXZA 10575400     Hooks.obj
 0003:004c1404       ?$TSS1@?6??hkPlaySound@@YGXPBD@Z@4HA 10575404     Hooks.obj
 0003:004c1408       ?ofunc@?1??hkDoPostScreenSpaceEffects@@YI_NPAX0PAUCViewSetup@@@Z@4P6E_N01@ZA 10575408     Hooks.obj
 0003:004c140c       ?$TSS0@?1??hkDoPostScreenSpaceEffects@@YI_NPAX0PAUCViewSetup@@@Z@4HA 1057540c     Hooks.obj
 0003:004c14a8       ?g_Time@@3_JA              105754a8     imgui_impl_dx9.obj
 0003:004c14b0       ?g_TicksPerSecond@@3_JA    105754b0     imgui_impl_dx9.obj
 0003:004c14b8       ?g_pVB@@3PAUIDirect3DVertexBuffer9@@A 105754b8     imgui_impl_dx9.obj
 0003:004c14bc       ?g_pIB@@3PAUIDirect3DIndexBuffer9@@A 105754bc     imgui_impl_dx9.obj
 0003:004c14c0       ?g_FontTexture@@3PAUIDirect3DTexture9@@A 105754c0     imgui_impl_dx9.obj
 0003:004c14c4       ?g_hWnd@@3PAUHWND__@@A     105754c4     imgui_impl_dx9.obj
 0003:004c14c8       ?g_pd3dDevice@@3PAUIDirect3DDevice9@@A 105754c8     imgui_impl_dx9.obj
 0003:004c14d0       ?GImDefaultFontAtlas@@3UImFontAtlas@@A 105754d0     imgui.obj
 0003:004c1508       ?GImDefaultContext@@3UImGuiContext@@A 10575508     imgui.obj
 0003:004c4aa8       ?crc32_lut@?1??ImHash@@YAIPBXHI@Z@4PAIA 10578aa8     imgui.obj
 0003:004c4ea8       ?buf_local@?1??GetClipboardTextFn_DefaultImpl@@YAPBDPAX@Z@4V?$ImVector@D@@A 10578ea8     imgui.obj
 0003:004c4eb4       ?$TSS0@?1??GetClipboardTextFn_DefaultImpl@@YAPBDPAX@Z@4HA 10578eb4     imgui.obj
 0003:004c4eb8       ?circle_vtx@?1??PathArcToFast@ImDrawList@@QAEXABUImVec2@@MHH@Z@4PAU3@A 10578eb8     imgui_draw.obj
 0003:004c4f18       ?$TSS0@?1??PathArcToFast@ImDrawList@@QAEXABUImVec2@@MHH@Z@4HA 10578f18     imgui_draw.obj
 0003:004c4f1c       ?circle_vtx_builds@?1??PathArcToFast@ImDrawList@@QAEXABUImVec2@@MHH@Z@4_NA 10578f1c     imgui_draw.obj
 0003:004c4f20       ?stb__barrier@@3PAEA       10578f20     imgui_draw.obj
 0003:004c4f24       ?stb__barrier2@@3PAEA      10578f24     imgui_draw.obj
 0003:004c4f28       ?stb__barrier3@@3PAEA      10578f28     imgui_draw.obj
 0003:004c4f2c       ?stb__barrier4@@3PAEA      10578f2c     imgui_draw.obj
 0003:004c4f30       ?stb__dout@@3PAEA          10578f30     imgui_draw.obj
 0003:004c4fa4       ?w_printf@XorCompileTime@@3V<lambda>@@A 10578fa4     Interfaces.obj
 0003:004c4fa5       ?w_printf_s@XorCompileTime@@3V<lambda>@@A 10578fa5     Interfaces.obj
 0003:004c4fa6       ?w_sprintf_s@XorCompileTime@@3V<lambda>@@A 10578fa6     Interfaces.obj
 0003:004c4fa7       ?w_sprintf@XorCompileTime@@3V<lambda>@@A 10578fa7     Interfaces.obj
 0003:004c4fa8       ?ItemDefinitionIndexMap@@3V?$map@W4ItemDefinitionIndexx@@UDefItem_t@@U?$less@W4ItemDefinitionIndexx@@@std@@V?$allocator@U?$pair@$$CBW4ItemDefinitionIndexx@@UDefItem_t@@@std@@@4@@std@@B 10578fa8     Interfaces.obj
 0003:004c4fb0       ?vec2_origin@@3VVector2D@@B 10578fb0     Interfaces.obj
 0003:004c4fb8       ?pThis@?1???$FindHudElement@VCHudChat@@@@YAPAVCHudChat@@PBD@Z@4PAKA 10578fb8     Interfaces.obj
 0003:004c4fbc       ?$TSS0@?1???$FindHudElement@VCHudChat@@@@YAPAVCHudChat@@PBD@Z@4HA 10578fbc     Interfaces.obj
 0003:004c4fc0       ?find_hud_element@?1???$FindHudElement@VCHudChat@@@@YAPAVCHudChat@@PBD@Z@4P6EKPAX0@ZA 10578fc0     Interfaces.obj
 0003:004c4fc4       ?$TSS1@?1???$FindHudElement@VCHudChat@@@@YAPAVCHudChat@@PBD@Z@4HA 10578fc4     Interfaces.obj
 0003:004c4fc8       ?w_printf@XorCompileTime@@3V<lambda>@@A 10578fc8     LagComp.obj
 0003:004c4fc9       ?w_printf_s@XorCompileTime@@3V<lambda>@@A 10578fc9     LagComp.obj
 0003:004c4fca       ?w_sprintf_s@XorCompileTime@@3V<lambda>@@A 10578fca     LagComp.obj
 0003:004c4fcb       ?w_sprintf@XorCompileTime@@3V<lambda>@@A 10578fcb     LagComp.obj
 0003:004c4fcc       ?ItemDefinitionIndexMap@@3V?$map@W4ItemDefinitionIndexx@@UDefItem_t@@U?$less@W4ItemDefinitionIndexx@@@std@@V?$allocator@U?$pair@$$CBW4ItemDefinitionIndexx@@UDefItem_t@@@std@@@4@@std@@B 10578fcc     LagComp.obj
 0003:004c7fd8       ?vec2_origin@@3VVector2D@@B 1057bfd8     LagComp.obj
 0003:004c7fe1       ?w_printf@XorCompileTime@@3V<lambda>@@A 1057bfe1     LegitBot.obj
 0003:004c7fe2       ?w_printf_s@XorCompileTime@@3V<lambda>@@A 1057bfe2     LegitBot.obj
 0003:004c7fe3       ?w_sprintf_s@XorCompileTime@@3V<lambda>@@A 1057bfe3     LegitBot.obj
 0003:004c7fe4       ?ItemDefinitionIndexMap@@3V?$map@W4ItemDefinitionIndexx@@UDefItem_t@@U?$less@W4ItemDefinitionIndexx@@@std@@V?$allocator@U?$pair@$$CBW4ItemDefinitionIndexx@@UDefItem_t@@@std@@@4@@std@@B 1057bfe4     LegitBot.obj
 0003:004c7fec       ?w_sprintf@XorCompileTime@@3V<lambda>@@A 1057bfec     LegitBot.obj
 0003:004c7ff0       ?vec2_origin@@3VVector2D@@B 1057bff0     LegitBot.obj
 0003:004c7ff8       ?custom_delay@@3HA         1057bff8     LegitBot.obj
 0003:004c8014       ?hitboxes@?1??get_hitbox@legitbot@@AAE_NPAVC_BaseEntity@@0AAVVector@@@Z@4V?$vector@HV?$allocator@H@std@@@std@@B 1057c014     LegitBot.obj
 0003:004c8020       ?$TSS0@?1??get_hitbox@legitbot@@AAE_NPAVC_BaseEntity@@0AAVVector@@@Z@4HA 1057c020     LegitBot.obj
 0003:004c8360       ?w_printf@XorCompileTime@@3V<lambda>@@A 1057c360     memesets.obj
 0003:004c8361       ?w_printf_s@XorCompileTime@@3V<lambda>@@A 1057c361     memesets.obj
 0003:004c8362       ?w_sprintf_s@XorCompileTime@@3V<lambda>@@A 1057c362     memesets.obj
 0003:004c8363       ?w_sprintf@XorCompileTime@@3V<lambda>@@A 1057c363     memesets.obj
 0003:004c8364       ?ItemDefinitionIndexMap@@3V?$map@W4ItemDefinitionIndexx@@UDefItem_t@@U?$less@W4ItemDefinitionIndexx@@@std@@V?$allocator@U?$pair@$$CBW4ItemDefinitionIndexx@@UDefItem_t@@@std@@@4@@std@@B 1057c364     memesets.obj
 0003:004c8370       ?vec2_origin@@3VVector2D@@B 1057c370     memesets.obj
 0003:004c837d       ?w_printf@XorCompileTime@@3V<lambda>@@A 1057c37d     Misc.obj
 0003:004c837e       ?w_printf_s@XorCompileTime@@3V<lambda>@@A 1057c37e     Misc.obj
 0003:004c837f       ?w_sprintf_s@XorCompileTime@@3V<lambda>@@A 1057c37f     Misc.obj
 0003:004c8380       ?ItemDefinitionIndexMap@@3V?$map@W4ItemDefinitionIndexx@@UDefItem_t@@U?$less@W4ItemDefinitionIndexx@@@std@@V?$allocator@U?$pair@$$CBW4ItemDefinitionIndexx@@UDefItem_t@@@std@@@4@@std@@B 1057c380     Misc.obj
 0003:004c8388       ?w_sprintf@XorCompileTime@@3V<lambda>@@A 1057c388     Misc.obj
 0003:004c838c       ?vec2_origin@@3VVector2D@@B 1057c38c     Misc.obj
 0003:004c83ac       ?counter@?N@??OnCreateMove@misc@@QAEXPAVCUserCmd@CInput@@PAVC_BaseEntity@@@Z@4HA 1057c3ac     Misc.obj
 0003:004c83b0       ?motion@?N@??OnCreateMove@misc@@QAEXPAVCUserCmd@CInput@@PAVC_BaseEntity@@@Z@4HA 1057c3b0     Misc.obj
 0003:004c83b4       ?name@?CB@??OnCreateMove@misc@@QAEXPAVCUserCmd@CInput@@PAVC_BaseEntity@@@Z@4PAVConVar@@A 1057c3b4     Misc.obj
 0003:004c83b8       ?$TSS0@?CB@??OnCreateMove@misc@@QAEXPAVCUserCmd@CInput@@PAVC_BaseEntity@@@Z@4HA 1057c3b8     Misc.obj
 0003:004c83bc       ?Strafer@?1??AutoStrafe@misc@@SAXPAVCUserCmd@CInput@@PAVC_BaseEntity@@VVector@@@Z@4VAutoStrafer@@A 1057c3bc     Misc.obj
 0003:004c83c0       ?zhop@?BF@??AutoStrafe@misc@@SAXPAVCUserCmd@CInput@@PAVC_BaseEntity@@VVector@@@Z@4HA 1057c3c0     Misc.obj
 0003:004c83c4       ?w_printf@XorCompileTime@@3V<lambda>@@A 1057c3c4     NetVarManager.obj
 0003:004c83c5       ?w_printf_s@XorCompileTime@@3V<lambda>@@A 1057c3c5     NetVarManager.obj
 0003:004c83c6       ?w_sprintf_s@XorCompileTime@@3V<lambda>@@A 1057c3c6     NetVarManager.obj
 0003:004c83c7       ?w_sprintf@XorCompileTime@@3V<lambda>@@A 1057c3c7     NetVarManager.obj
 0003:004c83c8       ?ItemDefinitionIndexMap@@3V?$map@W4ItemDefinitionIndexx@@UDefItem_t@@U?$less@W4ItemDefinitionIndexx@@@std@@V?$allocator@U?$pair@$$CBW4ItemDefinitionIndexx@@UDefItem_t@@@std@@@4@@std@@B 1057c3c8     NetVarManager.obj
 0003:004c83d4       ?vec2_origin@@3VVector2D@@B 1057c3d4     NetVarManager.obj
 0003:004c83dd       ?w_printf@XorCompileTime@@3V<lambda>@@A 1057c3dd     RageBot.obj
 0003:004c83de       ?w_printf_s@XorCompileTime@@3V<lambda>@@A 1057c3de     RageBot.obj
 0003:004c83df       ?w_sprintf_s@XorCompileTime@@3V<lambda>@@A 1057c3df     RageBot.obj
 0003:004c83e0       ?ItemDefinitionIndexMap@@3V?$map@W4ItemDefinitionIndexx@@UDefItem_t@@U?$less@W4ItemDefinitionIndexx@@@std@@V?$allocator@U?$pair@$$CBW4ItemDefinitionIndexx@@UDefItem_t@@@std@@@4@@std@@B 1057c3e0     RageBot.obj
 0003:004c83e8       ?w_sprintf@XorCompileTime@@3V<lambda>@@A 1057c3e8     RageBot.obj
 0003:004c83ec       ?vec2_origin@@3VVector2D@@B 1057c3ec     RageBot.obj
 0003:004c83f4       ?WasFiring@?1??DoAimbot@ragebot@@AAEXPAVCUserCmd@CInput@@AA_N@Z@4_NA 1057c3f4     RageBot.obj
 0003:004c83f8       ?baim@?1??HitScan@ragebot@@AAEHPAVC_BaseEntity@@@Z@4V?$vector@HV?$allocator@H@std@@@std@@A 1057c3f8     RageBot.obj
 0003:004c8404       ?$TSS0@?1??HitScan@ragebot@@AAEHPAVC_BaseEntity@@@Z@4HA 1057c404     RageBot.obj
 0003:004c8408       ?ticks@?1??DoAntiAim@ragebot@@AAEXPAVCUserCmd@CInput@@AA_N@Z@4HA 1057c408     RageBot.obj
 0003:004c840c       ?flip@?1??DoAntiAim@ragebot@@AAEXPAVCUserCmd@CInput@@AA_N@Z@4_NA 1057c40c     RageBot.obj
 0003:004c840d       ?dir@?CC@??DoAntiAim@ragebot@@AAEXPAVCUserCmd@CInput@@AA_N@Z@4_NA 1057c40d     RageBot.obj
 0003:004c840e       ?dir@?DO@??DoAntiAim@ragebot@@AAEXPAVCUserCmd@CInput@@AA_N@Z@4_NA 1057c40e     RageBot.obj
 0003:004c8410       ?jitterangle@?DO@??DoAntiAim@ragebot@@AAEXPAVCUserCmd@CInput@@AA_N@Z@4HA 1057c410     RageBot.obj
 0003:004c8414       ?llamaflip@?HI@??DoAntiAim@ragebot@@AAEXPAVCUserCmd@CInput@@AA_N@Z@4_NA 1057c414     RageBot.obj
 0003:004c8418       ?oldLBY@?HI@??DoAntiAim@ragebot@@AAEXPAVCUserCmd@CInput@@AA_N@Z@4MA 1057c418     RageBot.obj
 0003:004c841c       ?dir@?HM@??DoAntiAim@ragebot@@AAEXPAVCUserCmd@CInput@@AA_N@Z@4_NA 1057c41c     RageBot.obj
 0003:004c841d       ?dir@?IO@??DoAntiAim@ragebot@@AAEXPAVCUserCmd@CInput@@AA_N@Z@4_NA 1057c41d     RageBot.obj
 0003:004c8420       ?jitterangle@?IO@??DoAntiAim@ragebot@@AAEXPAVCUserCmd@CInput@@AA_N@Z@4HA 1057c420     RageBot.obj
 0003:004c8424       ?jitterangle@?LK@??DoAntiAim@ragebot@@AAEXPAVCUserCmd@CInput@@AA_N@Z@4HA 1057c424     RageBot.obj
 0003:004c8428       ?jitterangle@?MO@??DoAntiAim@ragebot@@AAEXPAVCUserCmd@CInput@@AA_N@Z@4HA 1057c428     RageBot.obj
 0003:004c8438       ?w_printf@XorCompileTime@@3V<lambda>@@A 1057c438     Render.obj
 0003:004c8439       ?w_printf_s@XorCompileTime@@3V<lambda>@@A 1057c439     Render.obj
 0003:004c843a       ?w_sprintf_s@XorCompileTime@@3V<lambda>@@A 1057c43a     Render.obj
 0003:004c843b       ?w_sprintf@XorCompileTime@@3V<lambda>@@A 1057c43b     Render.obj
 0003:004c843c       ?ItemDefinitionIndexMap@@3V?$map@W4ItemDefinitionIndexx@@UDefItem_t@@U?$less@W4ItemDefinitionIndexx@@@std@@V?$allocator@U?$pair@$$CBW4ItemDefinitionIndexx@@UDefItem_t@@@std@@@4@@std@@B 1057c43c     Render.obj
 0003:004c8444       ?vec2_origin@@3VVector2D@@B 1057c444     Render.obj
 0003:004c844c       ?w_printf@XorCompileTime@@3V<lambda>@@A 1057c44c     SpoofedConvar.obj
 0003:004c844d       ?w_printf_s@XorCompileTime@@3V<lambda>@@A 1057c44d     SpoofedConvar.obj
 0003:004c844e       ?w_sprintf_s@XorCompileTime@@3V<lambda>@@A 1057c44e     SpoofedConvar.obj
 0003:004c844f       ?w_sprintf@XorCompileTime@@3V<lambda>@@A 1057c44f     SpoofedConvar.obj
 0003:004c8450       ?ItemDefinitionIndexMap@@3V?$map@W4ItemDefinitionIndexx@@UDefItem_t@@U?$less@W4ItemDefinitionIndexx@@@std@@V?$allocator@U?$pair@$$CBW4ItemDefinitionIndexx@@UDefItem_t@@@std@@@4@@std@@B 1057c450     SpoofedConvar.obj
 0003:004c8458       ?vec2_origin@@3VVector2D@@B 1057c458     SpoofedConvar.obj
 0003:004c8484       ?w_printf@XorCompileTime@@3V<lambda>@@A 1057c484     MiscFunctions.obj
 0003:004c8485       ?w_printf_s@XorCompileTime@@3V<lambda>@@A 1057c485     MiscFunctions.obj
 0003:004c8486       ?w_sprintf_s@XorCompileTime@@3V<lambda>@@A 1057c486     MiscFunctions.obj
 0003:004c8487       ?w_sprintf@XorCompileTime@@3V<lambda>@@A 1057c487     MiscFunctions.obj
 0003:004c8488       ?ItemDefinitionIndexMap@@3V?$map@W4ItemDefinitionIndexx@@UDefItem_t@@U?$less@W4ItemDefinitionIndexx@@@std@@V?$allocator@U?$pair@$$CBW4ItemDefinitionIndexx@@UDefItem_t@@@std@@@4@@std@@B 1057c488     MiscFunctions.obj
 0003:004c8508       ?vec2_origin@@3VVector2D@@B 1057c508     MiscFunctions.obj
 0003:004c8510       ?TraceToExit@?1??0@YA_NAAVVector@@AAVCGameTrace@@V1@2PAV2@@Z@4KA 1057c510     MiscFunctions.obj
 0003:004c8514       ?$TSS0@?1??TraceToExit@@YA_NAAVVector@@AAVCGameTrace@@V2@2PAV3@@Z@4HA 1057c514     MiscFunctions.obj
 0003:004c8519       ?pattern_to_byte@?1??pattern_scan@U@@YAPAEPAXPBD@Z@4V<lambda>@@A 1057c519     Utilities.obj
 0003:004c8548       ?module_local_atexit_table@@3U_onexit_table_t@@A 1057c548     LIBCMT:utility.obj
 0003:004c8554       ?module_local_at_quick_exit_table@@3U_onexit_table_t@@A 1057c554     LIBCMT:utility.obj
 0003:004c8560       ?module_local_atexit_table_initialized@@3_NA 1057c560     LIBCMT:utility.obj
 0003:004c8561       ?is_initialized_as_dll@@3_NA 1057c561     LIBCMT:utility.obj
 0003:004c8564       ?_Tss_mutex@@3U_RTL_CRITICAL_SECTION@@A 1057c564     LIBCMT:thread_safe_statics.obj
 0003:004c857c       ?_Tss_cv@@3U_RTL_CONDITION_VARIABLE@@A 1057c57c     LIBCMT:thread_safe_statics.obj
 0003:004c8580       ?_Tss_event@@3PAXA         1057c580     LIBCMT:thread_safe_statics.obj
 0003:004c8584       ?encoded_sleep_condition_variable_cs@@3P6GHPAU_RTL_CONDITION_VARIABLE@@PAU_RTL_CRITICAL_SECTION@@K@ZA 1057c584     LIBCMT:thread_safe_statics.obj
 0003:004c8588       ?encoded_wake_all_condition_variable@@3P6GXPAU_RTL_CONDITION_VARIABLE@@@ZA 1057c588     LIBCMT:thread_safe_statics.obj
 0003:004c8590       _GS_ExceptionRecord        1057c590     LIBCMT:gs_report.obj
 0003:004c85e0       _GS_ContextRecord          1057c5e0     LIBCMT:gs_report.obj
 0003:004c88ac       ?__proc_attached@@3HA      1057c8ac     LIBCMT:dll_dllmain.obj
 0003:004c88c8       ?stdstr@std@@3PAPAVios_base@1@A 1057c8c8     libcpmt:ios.obj
 0003:004c88f0       ?stdopens@std@@3PADA       1057c8f0     libcpmt:ios.obj
 0003:004c8900       ?initlocks@std@@3V_Init_locks@1@A 1057c900     libcpmt:xlock.obj
 0003:004c8908       ?mtx@std@@3PAU_RTL_CRITICAL_SECTION@@A 1057c908     libcpmt:xlock.obj
 0003:004c89c8       ?_Fac_head@std@@3PAU_Fac_node@1@A 1057c9c8     libcpmt:locale0.obj
 0003:004c89d4       _global_locale             1057c9d4     libcpmt:locale0.obj
 0003:004c89ec       ?classic_locale@std@@3Vlocale@1@A 1057c9ec     libcpmt:locale0.obj
 0003:004c89f4       ?_Fac_tidy_reg@std@@3U_Fac_tidy_reg_t@1@B 1057c9f4     libcpmt:locale0.obj
 0003:004c89f5       ?registered@?1??_Setgloballocale@locale@std@@CAXPAX@Z@4_NA 1057c9f5     libcpmt:locale0.obj
 0003:004c89f8       ?atfuns_cdecl@@3PAP6AXXZA  1057c9f8     libcpmt:iosptrs.obj
 0003:004c8a40       ?initlocks@std@@3V_Init_locks@1@A 1057ca40     libcpmt:iosptrs.obj
 0003:004c8a41       ?init_atexit@@3U_Init_atexit@@A 1057ca41     libcpmt:iosptrs.obj
 0003:004c8b6c       ?module_handles@@3PAPAUHINSTANCE__@@A 1057cb6c     libvcruntime:winapi_downlevel.obj
 0003:004c8b78       ?encoded_function_pointers@@3PAPAXA 1057cb78     libvcruntime:winapi_downlevel.obj
 0003:004c8b90       ?__vcrt_startup_thread_ptd@@3U__vcrt_ptd@@A 1057cb90     libvcruntime:per_thread_data.obj
 0003:004c8bb8       ___vcrt_lock_table         1057cbb8     libvcruntime:locks.obj
 0003:004c8bd0       ___vcrt_locks_initialized  1057cbd0     libvcruntime:locks.obj
 0003:004c8bfc       ?heap@@3V_HeapManager@@A   1057cbfc     libvcruntime:undname.obj
 0003:004c8c10       ?__acrt_invalid_parameter_handler@@3V?$dual_state_global@P6AXPB_W00II@Z@__crt_state_management@@A 1057cc10     libucrt:invalid_parameter.obj
 0003:004c8c20       ?__acrt_new_handler@@3V?$dual_state_global@P6AHI@Z@__crt_state_management@@A 1057cc20     libucrt:new_handler.obj
 0003:004c8c24       ?c_termination_complete@@3JA 1057cc24     libucrt:exit.obj
 0003:004c8c28       ?thread_local_exit_callback_func@@3P6GXPAXK0@ZA 1057cc28     libucrt:exit.obj
 0003:004c8c30       ?program_name@?1???$common_configure_argv@D@@YAHW4_crt_argv_mode@@@Z@4PADA 1057cc30     libucrt:argv_parsing.obj
 0003:004c8d60       ?__acrt_lock_table@@3PAU_RTL_CRITICAL_SECTION@@A 1057cd60     libucrt:locks.obj
 0003:004c8eb0       ?__acrt_locks_initialized@@3IA 1057ceb0     libucrt:locks.obj
 0003:004c90cc       __pmatherr_set             1057d0cc     libucrt:libm_error.obj
 0003:004c90d0       ?enable_percent_n@@3IA     1057d0d0     libucrt:printf_count_output.obj
 0003:004c90e0       ?module_handles@@3PAPAUHINSTANCE__@@A 1057d0e0     libucrt:winapi_thunks.obj
 0003:004c9130       ?encoded_function_pointers@@3PAPAXA 1057d130     libucrt:winapi_thunks.obj
 0003:004c91b8       ?static_enum_proc@?1??enum_system_locales_ex_nolock@@YAHQ6GHPA_WKJ@Z@Z@4P6GH0KJ@ZA 1057d1b8     libucrt:winapi_thunks.obj
 0003:004c91c8       ?_tzname@@3V?$dual_state_global@PAPAD@__crt_state_management@@A 1057d1c8     libucrt:timeset.obj
 0003:004c91d0       ?tz_api_used@@3HA          1057d1d0     libucrt:tzset.obj
 0003:004c91d8       ?tz_info@@3U_TIME_ZONE_INFORMATION@@A 1057d1d8     libucrt:tzset.obj
 0003:004c9290       ?fSystemSet@@3HA           1057d290     libucrt:mbctype.obj
 0003:004c9294       ?initialized@?1??__acrt_initialize_multibyte@@9@4_NA 1057d294     libucrt:mbctype.obj
 0003:004c92b4       ?ctrlc_action@@3V?$dual_state_global@P6AXH@Z@__crt_state_management@@A 1057d2b4     libucrt:signal.obj
 0003:004c92b8       ?ctrlbreak_action@@3V?$dual_state_global@P6AXH@Z@__crt_state_management@@A 1057d2b8     libucrt:signal.obj
 0003:004c92bc       ?abort_action@@3V?$dual_state_global@P6AXH@Z@__crt_state_management@@A 1057d2bc     libucrt:signal.obj
 0003:004c92c0       ?term_action@@3V?$dual_state_global@P6AXH@Z@__crt_state_management@@A 1057d2c0     libucrt:signal.obj
 0003:004c92c4       ?user_matherr@@3V?$dual_state_global@P6AHPAU_exception@@@Z@__crt_state_management@@A 1057d2c4     libucrt:matherr.obj
 0003:004c92c8       ?__acrt_global_new_mode@@3V?$dual_state_global@J@__crt_state_management@@A 1057d2c8     libucrt:new_mode.obj
 0003:004c92d4       ?__acrt_app_type@@3W4_crt_app_type@@A 1057d2d4     libucrt:report_runtime_error.obj
 0004:00000000       _static_const_table        1057e000     LIBCMT:_svml_dcos2_sse2_.obj
 0004:00000200       _static_const_table        1057e200     LIBCMT:_svml_dsin2_sse2_.obj
 0004:00000400       __e02PI                    1057e400     LIBCMT:_svml_dtrig_.obj
 0004:000005a0       __e04PI                    1057e5a0     LIBCMT:_svml_dtrig_.obj
 0004:00000730       _2il0floatpacket_2         1057e730     LIBCMT:_svml_dtrig_.obj
 0004:00000740       _2il0floatpacket_9         1057e740     LIBCMT:_svml_dtrig_.obj
 0004:00000750       _2il0floatpacket_12        1057e750     LIBCMT:_svml_dtrig_.obj
 0004:00000760       __dPI02                    1057e760     LIBCMT:_svml_dtrig_.obj
 0004:00000770       __d02PI                    1057e770     LIBCMT:_svml_dtrig_.obj
 0004:00000780       __DP4                      1057e780     LIBCMT:_svml_dtrig_.obj
 0004:000007a0       __dPI04                    1057e7a0     LIBCMT:_svml_dtrig_.obj
 0004:000007b0       __d04PI                    1057e7b0     LIBCMT:_svml_dtrig_.obj
 0004:000007c0       __QP4                      1057e7c0     LIBCMT:_svml_dtrig_.obj
 0005:00000060       $R000000                   1057f060     * linker generated manifest res *
